<html>
<body>
<pre>
<h1>µVision Build Log</h1>
<h2>Tool Versions:</h2>
IDE-Version: µVision V5.25.2.0
Copyright (C) 2018 ARM Ltd and ARM Germany GmbH. All rights reserved.
License Information: alex Groon, home, LIC=NHYBS-LPBUS-JNQA8-3AM2V-EIBF0-T65NW
 
Tool Versions:
Toolchain:       MDK-ARM Professional  Version: 5.25.2.0
Toolchain Path:  C:\Keil_v5\ARM\ARMCC\Bin
C Compiler:      Armcc.exe V5.06 update 6 (build 750)
Assembler:       Armasm.exe V5.06 update 6 (build 750)
Linker/Locator:  ArmLink.exe V5.06 update 6 (build 750)
Library Manager: ArmAr.exe V5.06 update 6 (build 750)
Hex Converter:   FromElf.exe V5.06 update 6 (build 750)
CPU DLL:         SARMCM3.DLL V5.25.2.0
Dialog DLL:      DCM.DLL V1.17.1.0
Target DLL:      STLink\ST-LINKIII-KEIL_SWO.dll V3.0.1.0
Dialog DLL:      TCM.DLL V1.35.1.0
 
<h2>Project:</h2>
C:\MY_MCU_PROJECTS\PRJ_START_STM32F407VG\PRJ_START_407.uvprojx
Project File Date:  10/01/2018

<h2>Output:</h2>
*** Using Compiler 'V5.06 update 6 (build 750)', folder: 'C:\Keil_v5\ARM\ARMCC\Bin'
Rebuild target 'STM32F407'
compiling system_stm32f4xx.c...
compiling main.c...
compiling Start_Init.c...
compiling Delay.c...
compiling I2C.c...
compiling SPI.c...
compiling USART.c...
compiling LIS3DSH.c...
Code\src\LIS3DSH.c(163): warning:  #550-D: variable "sensitivity"  was set but never used
        float sensitivity = LIS3DSH_SENSITIVITY_0_06G;
Code\src\LIS3DSH.c: 1 warning, 0 errors
compiling ssd1306.c...
compiling ssd1306_fonts.c...
compiling htu21d.c...
assembling startup_stm32f407xx.s...
linking...
Program Size: Code=7374 RO-data=618 RW-data=12 ZI-data=1676  
FromELF: creating hex file...
".\Objects\PRJ_START_407.axf" - 0 Error(s), 1 Warning(s).

<h2>Software Packages used:</h2>

Package Vendor: Keil
                http://www.keil.com/pack/Keil.STM32F4xx_DFP.2.13.0.pack
                Keil.STM32F4xx_DFP.2.13.0
                STMicroelectronics STM32F4 Series Device Support, Drivers and Examples

<h2>Collection of Component include folders:</h2>
  .\RTE\_STM32F407
  C:\Keil_v5\ARM\PACK\Keil\STM32F4xx_DFP\2.13.0\Drivers\CMSIS\Device\ST\STM32F4xx\Include

<h2>Collection of Component Files used:</h2>
Build Time Elapsed:  00:00:16
</pre>
</body>
</html>
