Component: ARM Compiler 5.06 update 6 (build 750) Tool: armlink [4d35ed]

==============================================================================

Section Cross References

    system_stm32f4xx.o(i.SystemCoreClockUpdate) refers to system_stm32f4xx.o(.data) for SystemCoreClock
    system_stm32f4xx.o(i.SystemCoreClockUpdate) refers to system_stm32f4xx.o(.constdata) for AHBPrescTable
    main.o(i.main) refers to _printf_percent.o(.ARM.Collect$$_printf_percent$$00000000) for _printf_percent
    main.o(i.main) refers to _printf_f.o(.ARM.Collect$$_printf_percent$$00000003) for _printf_f
    main.o(i.main) refers to printf1.o(x$fpl$printf1) for _printf_fp_dec
    main.o(i.main) refers to start_init.o(i.RCC_Init) for RCC_Init
    main.o(i.main) refers to start_init.o(i.GPIO_Init) for GPIO_Init
    main.o(i.main) refers to delay.o(i.Delay_Init) for Delay_Init
    main.o(i.main) refers to usart.o(i.USART2_Init) for USART2_Init
    main.o(i.main) refers to delay.o(i.Delay_ms) for Delay_ms
    main.o(i.main) refers to i2c.o(i.I2C1_Init) for I2C1_Init
    main.o(i.main) refers to htu21d.o(i.htu21d_SoftReset) for htu21d_SoftReset
    main.o(i.main) refers to htu21d.o(i.ht21d_GetTemp) for ht21d_GetTemp
    main.o(i.main) refers to htu21d.o(i.ht21d_GetHumidity) for ht21d_GetHumidity
    main.o(i.main) refers to f2d.o(x$fpl$f2d) for __aeabi_f2d
    main.o(i.main) refers to noretval__2sprintf.o(.text) for __2sprintf
    main.o(i.main) refers to usart.o(i.USART2_Send_String) for USART2_Send_String
    main.o(i.main) refers to main.o(.data) for T
    main.o(i.main) refers to main.o(.bss) for str
    delay.o(i.Delay_ms) refers to delay.o(.data) for msTicks
    delay.o(i.Delay_us) refers to system_stm32f4xx.o(.data) for SystemCoreClock
    delay.o(i.SysTick_Handler) refers to delay.o(.data) for msTicks
    i2c.o(i.Read_last_data_i2c) refers to i2c.o(i.Stop_i2c) for Stop_i2c
    usart.o(i.USART2_IRQHandler) refers to usart.o(i.USART2_Send_String) for USART2_Send_String
    usart.o(i.USART2_Send_String) refers to usart.o(i.USART2_Send) for USART2_Send
    lis3dsh.o(i.LIS3_GetXYZ) refers to lis3dsh.o(i.LIS3_IO_Read) for LIS3_IO_Read
    lis3dsh.o(i.LIS3_IO_Read) refers to spi.o(i.Spi1_transfer_8) for Spi1_transfer_8
    lis3dsh.o(i.LIS3_IO_Write) refers to spi.o(i.Spi1_transfer_8) for Spi1_transfer_8
    lis3dsh.o(i.LIS3_Init) refers to lis3dsh.o(i.LIS3_GPIO_Init) for LIS3_GPIO_Init
    lis3dsh.o(i.LIS3_Init) refers to lis3dsh.o(i.LIS3_SPI_Init) for LIS3_SPI_Init
    lis3dsh.o(i.LIS3_Init) refers to lis3dsh.o(i.LIS3_ReadID) for LIS3_ReadID
    lis3dsh.o(i.LIS3_Init) refers to delay.o(i.Delay_ms) for Delay_ms
    lis3dsh.o(i.LIS3_Init) refers to lis3dsh.o(i.LIS3_IO_Write) for LIS3_IO_Write
    lis3dsh.o(i.LIS3_ReadAcc) refers to _printf_pad.o(.text) for _printf_pre_padding
    lis3dsh.o(i.LIS3_ReadAcc) refers to _printf_percent.o(.ARM.Collect$$_printf_percent$$00000000) for _printf_percent
    lis3dsh.o(i.LIS3_ReadAcc) refers to _printf_d.o(.ARM.Collect$$_printf_percent$$00000009) for _printf_d
    lis3dsh.o(i.LIS3_ReadAcc) refers to _printf_dec.o(.text) for _printf_int_dec
    lis3dsh.o(i.LIS3_ReadAcc) refers to lis3dsh.o(i.LIS3_GetXYZ) for LIS3_GetXYZ
    lis3dsh.o(i.LIS3_ReadAcc) refers to noretval__2sprintf.o(.text) for __2sprintf
    lis3dsh.o(i.LIS3_ReadAcc) refers to usart.o(i.USART2_Send_String) for USART2_Send_String
    lis3dsh.o(i.LIS3_ReadAcc) refers to delay.o(i.Delay_ms) for Delay_ms
    lis3dsh.o(i.LIS3_ReadAcc) refers to lis3dsh.o(.bss) for str1
    lis3dsh.o(i.LIS3_ReadID) refers to lis3dsh.o(i.LIS3_IO_Read) for LIS3_IO_Read
    ssd1306.o(i.ssd1306_DrawPixel) refers to ssd1306.o(.data) for SSD1306
    ssd1306.o(i.ssd1306_DrawPixel) refers to ssd1306.o(.bss) for SSD1306_Buffer
    ssd1306.o(i.ssd1306_Fill) refers to ssd1306.o(.bss) for SSD1306_Buffer
    ssd1306.o(i.ssd1306_Init) refers to ssd1306.o(i.ssd1306_Reset) for ssd1306_Reset
    ssd1306.o(i.ssd1306_Init) refers to delay.o(i.Delay_ms) for Delay_ms
    ssd1306.o(i.ssd1306_Init) refers to ssd1306.o(i.ssd1306_WriteCommand) for ssd1306_WriteCommand
    ssd1306.o(i.ssd1306_Init) refers to ssd1306.o(i.ssd1306_Fill) for ssd1306_Fill
    ssd1306.o(i.ssd1306_Init) refers to ssd1306.o(i.ssd1306_UpdateScreen) for ssd1306_UpdateScreen
    ssd1306.o(i.ssd1306_Init) refers to ssd1306.o(.data) for SSD1306
    ssd1306.o(i.ssd1306_SetCursor) refers to ssd1306.o(.data) for SSD1306
    ssd1306.o(i.ssd1306_UpdateScreen) refers to ssd1306.o(i.ssd1306_WriteCommand) for ssd1306_WriteCommand
    ssd1306.o(i.ssd1306_UpdateScreen) refers to ssd1306.o(i.ssd1306_WriteData) for ssd1306_WriteData
    ssd1306.o(i.ssd1306_UpdateScreen) refers to ssd1306.o(.bss) for SSD1306_Buffer
    ssd1306.o(i.ssd1306_WriteChar) refers to ssd1306.o(i.ssd1306_DrawPixel) for ssd1306_DrawPixel
    ssd1306.o(i.ssd1306_WriteChar) refers to ssd1306.o(.data) for SSD1306
    ssd1306.o(i.ssd1306_WriteCommand) refers to i2c.o(i.Start_i2c) for Start_i2c
[...]
    _printf_fp_dec.o(.text) refers (Special) to usenofp.o(x$fpl$usenofp) for __I$use$fp
    _printf_fp_dec.o(.text) refers (Special) to lc_numeric_c.o(locale$$code) for _get_lc_numeric
    _printf_fp_dec.o(.text) refers to bigflt0.o(.text) for _btod_etento
    _printf_fp_dec.o(.text) refers to btod.o(CL$$btod_d2e) for _btod_d2e
    _printf_fp_dec.o(.text) refers to btod.o(CL$$btod_ediv) for _btod_ediv
    _printf_fp_dec.o(.text) refers to btod.o(CL$$btod_emul) for _btod_emul
    _printf_fp_dec.o(.text) refers to lludiv10.o(.text) for _ll_udiv10
    _printf_fp_dec.o(.text) refers to fpclassify.o(i.__ARM_fpclassify) for __ARM_fpclassify
    _printf_fp_dec.o(.text) refers to _printf_fp_infnan.o(.text) for _printf_fp_infnan
    _printf_fp_dec.o(.text) refers (Weak) to _printf_pad.o(.text) for _printf_pre_padding
    _printf_fp_dec.o(.text) refers (Weak) to _printf_pad.o(.text) for _printf_pre_padding
    _printf_fp_dec.o(.text) refers to rt_locale_intlibspace.o(.text) for __rt_locale
    _printf_fp_dec.o(.text) refers (Weak) to _printf_pad.o(.text) for _printf_post_padding
    _printf_char_common.o(.text) refers to __printf_flags_wp.o(.text) for __printf
    dnaninf.o(x$fpl$dnaninf) refers (Special) to usenofp.o(x$fpl$usenofp) for __I$use$fp
    dretinf.o(x$fpl$dretinf) refers (Special) to usenofp.o(x$fpl$usenofp) for __I$use$fp
    fnaninf.o(x$fpl$fnaninf) refers (Special) to usenofp.o(x$fpl$usenofp) for __I$use$fp
    fretinf.o(x$fpl$fretinf) refers (Special) to usenofp.o(x$fpl$usenofp) for __I$use$fp
    __rtentry2.o(.ARM.Collect$$rtentry$$00000008) refers to boardinit2.o(.text) for _platform_post_stackheap_init
    __rtentry2.o(.ARM.Collect$$rtentry$$0000000A) refers to libinit.o(.ARM.Collect$$libinit$$00000000) for __rt_lib_init
    __rtentry2.o(.ARM.Collect$$rtentry$$0000000B) refers to boardinit3.o(.text) for _platform_post_lib_init
    __rtentry2.o(.ARM.Collect$$rtentry$$0000000D) refers to main.o(i.main) for main
    __rtentry2.o(.ARM.Collect$$rtentry$$0000000D) refers to exit.o(.text) for exit
    __rtentry2.o(.ARM.exidx) refers to __rtentry2.o(.ARM.Collect$$rtentry$$00000001) for .ARM.Collect$$rtentry$$00000001
    __rtentry2.o(.ARM.exidx) refers to __rtentry2.o(.ARM.Collect$$rtentry$$00000008) for .ARM.Collect$$rtentry$$00000008
    __rtentry2.o(.ARM.exidx) refers to __rtentry2.o(.ARM.Collect$$rtentry$$0000000A) for .ARM.Collect$$rtentry$$0000000A
    __rtentry2.o(.ARM.exidx) refers to __rtentry2.o(.ARM.Collect$$rtentry$$0000000B) for .ARM.Collect$$rtentry$$0000000B
    __rtentry2.o(.ARM.exidx) refers to __rtentry2.o(.ARM.Collect$$rtentry$$0000000D) for .ARM.Collect$$rtentry$$0000000D
    __rtentry4.o(.ARM.Collect$$rtentry$$00000004) refers to sys_stackheap_outer.o(.text) for __user_setup_stackheap
    __rtentry4.o(.ARM.exidx) refers to __rtentry4.o(.ARM.Collect$$rtentry$$00000004) for .ARM.Collect$$rtentry$$00000004
    rt_locale.o(.text) refers to rt_locale.o(.bss) for __rt_locale_data
    rt_locale_intlibspace.o(.text) refers to libspace.o(.bss) for __libspace_start
    _printf_fp_infnan.o(.text) refers (Weak) to _printf_pad.o(.text) for _printf_pre_padding
    _printf_fp_infnan.o(.text) refers (Weak) to _printf_pad.o(.text) for _printf_post_padding
    bigflt0.o(.text) refers (Special) to usenofp.o(x$fpl$usenofp) for __I$use$fp
    bigflt0.o(.text) refers to btod.o(CL$$btod_emul) for _btod_emul
    bigflt0.o(.text) refers to btod.o(CL$$btod_ediv) for _btod_ediv
    bigflt0.o(.text) refers to bigflt0.o(.constdata) for .constdata
    bigflt0.o(.constdata) refers (Special) to usenofp.o(x$fpl$usenofp) for __I$use$fp
    btod.o(CL$$btod_d2e) refers (Special) to usenofp.o(x$fpl$usenofp) for __I$use$fp
    btod.o(CL$$btod_d2e) refers to btod.o(CL$$btod_d2e_norm_op1) for _d2e_norm_op1
    btod.o(CL$$btod_d2e_norm_op1) refers (Special) to usenofp.o(x$fpl$usenofp) for __I$use$fp
    btod.o(CL$$btod_d2e_norm_op1) refers to btod.o(CL$$btod_d2e_denorm_low) for _d2e_denorm_low
    btod.o(CL$$btod_d2e_denorm_low) refers (Special) to usenofp.o(x$fpl$usenofp) for __I$use$fp
    btod.o(CL$$btod_emul) refers (Special) to usenofp.o(x$fpl$usenofp) for __I$use$fp
    btod.o(CL$$btod_emul) refers to btod.o(CL$$btod_mult_common) for __btod_mult_common
    btod.o(CL$$btod_emul) refers to btod.o(CL$$btod_e2e) for _e2e
    btod.o(CL$$btod_ediv) refers (Special) to usenofp.o(x$fpl$usenofp) for __I$use$fp
    btod.o(CL$$btod_ediv) refers to btod.o(CL$$btod_div_common) for __btod_div_common
    btod.o(CL$$btod_ediv) refers to btod.o(CL$$btod_e2e) for _e2e
    btod.o(CL$$btod_emuld) refers (Special) to usenofp.o(x$fpl$usenofp) for __I$use$fp
    btod.o(CL$$btod_emuld) refers to btod.o(CL$$btod_mult_common) for __btod_mult_common
    btod.o(CL$$btod_emuld) refers to btod.o(CL$$btod_e2d) for _e2d
    btod.o(CL$$btod_edivd) refers (Special) to usenofp.o(x$fpl$usenofp) for __I$use$fp
    btod.o(CL$$btod_edivd) refers to btod.o(CL$$btod_div_common) for __btod_div_common
    btod.o(CL$$btod_edivd) refers to btod.o(CL$$btod_e2d) for _e2d
    btod.o(CL$$btod_e2e) refers (Special) to usenofp.o(x$fpl$usenofp) for __I$use$fp
    btod.o(CL$$btod_e2d) refers (Special) to usenofp.o(x$fpl$usenofp) for __I$use$fp
    btod.o(CL$$btod_e2d) refers to btod.o(CL$$btod_e2e) for _e2e
    btod.o(CL$$btod_mult_common) refers (Special) to usenofp.o(x$fpl$usenofp) for __I$use$fp
    btod.o(CL$$btod_div_common) refers (Special) to usenofp.o(x$fpl$usenofp) for __I$use$fp
    lc_numeric_c.o(locale$$data) refers (Special) to libinit2.o(.ARM.Collect$$libinit$$00000016) for __rt_lib_init_lc_numeric_2
    lc_numeric_c.o(locale$$code) refers (Special) to libinit2.o(.ARM.Collect$$libinit$$00000016) for __rt_lib_init_lc_numeric_2
    lc_numeric_c.o(locale$$code) refers to strcmpv7m.o(.text) for strcmp
    lc_numeric_c.o(locale$$code) refers to lc_numeric_c.o(locale$$data) for __lcnum_c_name
    istatus.o(x$fpl$ieeestatus) refers (Special) to usenofp.o(x$fpl$usenofp) for __I$use$fp
    fpclassify.o(i.__ARM_fpclassify) refers (Special) to usenofp.o(x$fpl$usenofp) for __I$use$fp
    libspace.o(.text) refers to libspace.o(.bss) for __libspace_start
    sys_stackheap_outer.o(.text) refers to libspace.o(.text) for __user_perproc_libspace
    sys_stackheap_outer.o(.text) refers to startup_stm32f407xx.o(.text) for __user_initial_stackheap
    exit.o(.text) refers to rtexit.o(.ARM.Collect$$rtexit$$00000000) for __rt_exit
    libinit.o(.ARM.Collect$$libinit$$00000000) refers (Special) to libinit2.o(.ARM.Collect$$libinit$$0000002E) for __rt_lib_init_alloca_1
    libinit.o(.ARM.Collect$$libinit$$00000000) refers (Special) to libinit2.o(.ARM.Collect$$libinit$$0000002C) for __rt_lib_init_argv_1
    libinit.o(.ARM.Collect$$libinit$$00000000) refers (Special) to libinit2.o(.ARM.Collect$$libinit$$0000001B) for __rt_lib_init_atexit_1
    libinit.o(.ARM.Collect$$libinit$$00000000) refers (Special) to libinit2.o(.ARM.Collect$$libinit$$00000021) for __rt_lib_init_clock_1
    libinit.o(.ARM.Collect$$libinit$$00000000) refers (Special) to libinit2.o(.ARM.Collect$$libinit$$00000032) for __rt_lib_init_cpp_1
    libinit.o(.ARM.Collect$$libinit$$00000000) refers (Special) to libinit2.o(.ARM.Collect$$libinit$$00000030) for __rt_lib_init_exceptions_1
    libinit.o(.ARM.Collect$$libinit$$00000000) refers (Special) to libinit2.o(.ARM.Collect$$libinit$$00000001) for __rt_lib_init_fp_1
    libinit.o(.ARM.Collect$$libinit$$00000000) refers (Special) to libinit2.o(.ARM.Collect$$libinit$$0000001F) for __rt_lib_init_fp_trap_1
    libinit.o(.ARM.Collect$$libinit$$00000000) refers (Special) to libinit2.o(.ARM.Collect$$libinit$$00000023) for __rt_lib_init_getenv_1
    libinit.o(.ARM.Collect$$libinit$$00000000) refers (Special) to libinit2.o(.ARM.Collect$$libinit$$0000000A) for __rt_lib_init_heap_1
    libinit.o(.ARM.Collect$$libinit$$00000000) refers (Special) to libinit2.o(.ARM.Collect$$libinit$$00000011) for __rt_lib_init_lc_collate_1
    libinit.o(.ARM.Collect$$libinit$$00000000) refers (Special) to libinit2.o(.ARM.Collect$$libinit$$00000013) for __rt_lib_init_lc_ctype_1
    libinit.o(.ARM.Collect$$libinit$$00000000) refers (Special) to libinit2.o(.ARM.Collect$$libinit$$00000015) for __rt_lib_init_lc_monetary_1
    libinit.o(.ARM.Collect$$libinit$$00000000) refers (Special) to libinit2.o(.ARM.Collect$$libinit$$00000017) for __rt_lib_init_lc_numeric_1
    libinit.o(.ARM.Collect$$libinit$$00000000) refers (Special) to libinit2.o(.ARM.Collect$$libinit$$00000019) for __rt_lib_init_lc_time_1
    libinit.o(.ARM.Collect$$libinit$$00000000) refers (Special) to libinit2.o(.ARM.Collect$$libinit$$00000004) for __rt_lib_init_preinit_1
    libinit.o(.ARM.Collect$$libinit$$00000000) refers (Special) to libinit2.o(.ARM.Collect$$libinit$$0000000E) for __rt_lib_init_rand_1
    libinit.o(.ARM.Collect$$libinit$$00000000) refers (Special) to libinit2.o(.ARM.Collect$$libinit$$00000033) for __rt_lib_init_return
    libinit.o(.ARM.Collect$$libinit$$00000000) refers (Special) to libinit2.o(.ARM.Collect$$libinit$$0000001D) for __rt_lib_init_signal_1
    libinit.o(.ARM.Collect$$libinit$$00000000) refers (Special) to libinit2.o(.ARM.Collect$$libinit$$00000025) for __rt_lib_init_stdio_1
    libinit.o(.ARM.Collect$$libinit$$00000000) refers (Special) to libinit2.o(.ARM.Collect$$libinit$$0000000C) for __rt_lib_init_user_alloc_1
    libinit2.o(.ARM.Collect$$libinit$$00000001) refers to fpinit.o(x$fpl$fpinit) for _fp_init
    libinit2.o(.ARM.Collect$$libinit$$0000000F) refers (Weak) to rt_locale_intlibspace.o(.text) for __rt_locale
    libinit2.o(.ARM.Collect$$libinit$$00000010) refers to libinit2.o(.ARM.Collect$$libinit$$0000000F) for .ARM.Collect$$libinit$$0000000F
    libinit2.o(.ARM.Collect$$libinit$$00000012) refers to libinit2.o(.ARM.Collect$$libinit$$0000000F) for .ARM.Collect$$libinit$$0000000F
    libinit2.o(.ARM.Collect$$libinit$$00000014) refers to libinit2.o(.ARM.Collect$$libinit$$0000000F) for .ARM.Collect$$libinit$$0000000F
    libinit2.o(.ARM.Collect$$libinit$$00000016) refers to libinit2.o(.ARM.Collect$$libinit$$0000000F) for .ARM.Collect$$libinit$$0000000F
    libinit2.o(.ARM.Collect$$libinit$$00000016) refers (Weak) to lc_numeric_c.o(locale$$code) for _get_lc_numeric
    libinit2.o(.ARM.Collect$$libinit$$00000018) refers to libinit2.o(.ARM.Collect$$libinit$$0000000F) for .ARM.Collect$$libinit$$0000000F
    libinit2.o(.ARM.Collect$$libinit$$00000026) refers to argv_veneer.o(.emb_text) for __ARM_argv_veneer
    libinit2.o(.ARM.Collect$$libinit$$00000027) refers to argv_veneer.o(.emb_text) for __ARM_argv_veneer
    rtexit.o(.ARM.Collect$$rtexit$$00000000) refers (Special) to rtexit2.o(.ARM.Collect$$rtexit$$00000004) for __rt_exit_exit
    rtexit.o(.ARM.Collect$$rtexit$$00000000) refers (Special) to rtexit2.o(.ARM.Collect$$rtexit$$00000003) for __rt_exit_ls
    rtexit.o(.ARM.Collect$$rtexit$$00000000) refers (Special) to rtexit2.o(.ARM.Collect$$rtexit$$00000002) for __rt_exit_prels_1
    rtexit.o(.ARM.exidx) refers (Special) to rtexit2.o(.ARM.Collect$$rtexit$$00000004) for __rt_exit_exit
    rtexit.o(.ARM.exidx) refers (Special) to rtexit2.o(.ARM.Collect$$rtexit$$00000003) for __rt_exit_ls
    rtexit.o(.ARM.exidx) refers (Special) to rtexit2.o(.ARM.Collect$$rtexit$$00000002) for __rt_exit_prels_1
    rtexit.o(.ARM.exidx) refers to rtexit.o(.ARM.Collect$$rtexit$$00000000) for .ARM.Collect$$rtexit$$00000000
    argv_veneer.o(.emb_text) refers to no_argv.o(.text) for __ARM_get_argv
    rtexit2.o(.ARM.Collect$$rtexit$$00000003) refers to libshutdown.o(.ARM.Collect$$libshutdown$$00000000) for __rt_lib_shutdown
    rtexit2.o(.ARM.Collect$$rtexit$$00000004) refers to sys_exit.o(.text) for _sys_exit
    rtexit2.o(.ARM.exidx) refers to rtexit2.o(.ARM.Collect$$rtexit$$00000001) for .ARM.Collect$$rtexit$$00000001
    rtexit2.o(.ARM.exidx) refers to rtexit2.o(.ARM.Collect$$rtexit$$00000003) for .ARM.Collect$$rtexit$$00000003
    rtexit2.o(.ARM.exidx) refers to rtexit2.o(.ARM.Collect$$rtexit$$00000004) for .ARM.Collect$$rtexit$$00000004
    _get_argv_nomalloc.o(.text) refers (Special) to hrguard.o(.text) for __heap_region$guard
    _get_argv_nomalloc.o(.text) refers to defsig_rtmem_outer.o(.text) for __rt_SIGRTMEM
    _get_argv_nomalloc.o(.text) refers to sys_command.o(.text) for _sys_command_string
    sys_command.o(.text) refers (Special) to use_no_semi.o(.text) for __I$use$semihosting
    sys_command.o(.text) refers (Special) to indicate_semi.o(.text) for __semihosting_library_function
    sys_exit.o(.text) refers (Special) to use_no_semi.o(.text) for __I$use$semihosting
    sys_exit.o(.text) refers (Special) to indicate_semi.o(.text) for __semihosting_library_function
    defsig_rtmem_outer.o(.text) refers to defsig_rtmem_inner.o(.text) for __rt_SIGRTMEM_inner
    defsig_rtmem_outer.o(.text) refers to defsig_exit.o(.text) for __sig_exit
    defsig_rtmem_formal.o(.text) refers to rt_raise.o(.text) for __rt_raise
    libshutdown.o(.ARM.Collect$$libshutdown$$00000000) refers (Special) to libshutdown2.o(.ARM.Collect$$libshutdown$$00000002) for __rt_lib_shutdown_cpp_1
    libshutdown.o(.ARM.Collect$$libshutdown$$00000000) refers (Special) to libshutdown2.o(.ARM.Collect$$libshutdown$$00000007) for __rt_lib_shutdown_fp_trap_1
    libshutdown.o(.ARM.Collect$$libshutdown$$00000000) refers (Special) to libshutdown2.o(.ARM.Collect$$libshutdown$$0000000F) for __rt_lib_shutdown_heap_1
    libshutdown.o(.ARM.Collect$$libshutdown$$00000000) refers (Special) to libshutdown2.o(.ARM.Collect$$libshutdown$$00000010) for __rt_lib_shutdown_return
    libshutdown.o(.ARM.Collect$$libshutdown$$00000000) refers (Special) to libshutdown2.o(.ARM.Collect$$libshutdown$$0000000A) for __rt_lib_shutdown_signal_1
    libshutdown.o(.ARM.Collect$$libshutdown$$00000000) refers (Special) to libshutdown2.o(.ARM.Collect$$libshutdown$$00000004) for __rt_lib_shutdown_stdio_1
    libshutdown.o(.ARM.Collect$$libshutdown$$00000000) refers (Special) to libshutdown2.o(.ARM.Collect$$libshutdown$$0000000C) for __rt_lib_shutdown_user_alloc_1
    rt_raise.o(.text) refers to __raise.o(.text) for __raise
    rt_raise.o(.text) refers to sys_exit.o(.text) for _sys_exit
    defsig_exit.o(.text) refers to sys_exit.o(.text) for _sys_exit
    defsig_rtmem_inner.o(.text) refers to defsig_general.o(.text) for __default_signal_display
    __raise.o(.text) refers to defsig.o(CL$$defsig) for __default_signal_handler
    defsig_general.o(.text) refers to sys_wrch.o(.text) for _ttywrch
    sys_wrch.o(.text) refers (Special) to use_no_semi.o(.text) for __I$use$semihosting
    sys_wrch.o(.text) refers (Special) to indicate_semi.o(.text) for __semihosting_library_function
    defsig.o(CL$$defsig) refers to defsig_rtmem_inner.o(.text) for __rt_SIGRTMEM_inner
    defsig_abrt_inner.o(.text) refers to defsig_general.o(.text) for __default_signal_display
    defsig_fpe_inner.o(.text) refers to defsig_general.o(.text) for __default_signal_display
    defsig_rtred_inner.o(.text) refers to defsig_general.o(.text) for __default_signal_display
    defsig_stak_inner.o(.text) refers to defsig_general.o(.text) for __default_signal_display
    defsig_pvfn_inner.o(.text) refers to defsig_general.o(.text) for __default_signal_display
    defsig_cppl_inner.o(.text) refers to defsig_general.o(.text) for __default_signal_display
    defsig_segv_inner.o(.text) refers to defsig_general.o(.text) for __default_signal_display
    defsig_other.o(.text) refers to defsig_general.o(.text) for __default_signal_display


==============================================================================

Removing Unused input sections from the image.

    Removing system_stm32f4xx.o(.rev16_text), (4 bytes).
    Removing system_stm32f4xx.o(.revsh_text), (4 bytes).
    Removing system_stm32f4xx.o(.rrx_text), (6 bytes).
    Removing system_stm32f4xx.o(i.SystemCoreClockUpdate), (192 bytes).
    Removing system_stm32f4xx.o(.constdata), (24 bytes).
    Removing system_stm32f4xx.o(.data), (4 bytes).
    Removing main.o(.rev16_text), (4 bytes).
    Removing main.o(.revsh_text), (4 bytes).
    Removing main.o(.rrx_text), (6 bytes).
    Removing start_init.o(.rev16_text), (4 bytes).
    Removing start_init.o(.revsh_text), (4 bytes).
    Removing start_init.o(.rrx_text), (6 bytes).
    Removing start_init.o(i.MCO1_Init), (92 bytes).
    Removing start_init.o(i.MCO2_Init), (96 bytes).
    Removing delay.o(.rev16_text), (4 bytes).
    Removing delay.o(.revsh_text), (4 bytes).
    Removing delay.o(.rrx_text), (6 bytes).
    Removing delay.o(i.Delay_us), (40 bytes).
    Removing i2c.o(.rev16_text), (4 bytes).
    Removing i2c.o(.revsh_text), (4 bytes).
    Removing i2c.o(.rrx_text), (6 bytes).
    Removing i2c.o(i.Write_data_i2c), (52 bytes).
    Removing i2c.o(i.Write_one_data_i2c), (40 bytes).
    Removing spi.o(.rev16_text), (4 bytes).
    Removing spi.o(.revsh_text), (4 bytes).
    Removing spi.o(.rrx_text), (6 bytes).
    Removing spi.o(i.SPI1_Init), (300 bytes).
    Removing spi.o(i.Spi1_multi_transfer_8), (70 bytes).
    Removing spi.o(i.Spi1_transfer_8), (60 bytes).
    Removing usart.o(.rev16_text), (4 bytes).
    Removing usart.o(.revsh_text), (4 bytes).
    Removing usart.o(.rrx_text), (6 bytes).
    Removing usart.o(i.USART2_MultiSend), (48 bytes).
    Removing lis3dsh.o(.rev16_text), (4 bytes).
    Removing lis3dsh.o(.revsh_text), (4 bytes).
    Removing lis3dsh.o(.rrx_text), (6 bytes).
    Removing lis3dsh.o(i.LIS3_GPIO_Init), (76 bytes).
    Removing lis3dsh.o(i.LIS3_GetXYZ), (280 bytes).
    Removing lis3dsh.o(i.LIS3_IO_Read), (92 bytes).
    Removing lis3dsh.o(i.LIS3_IO_Write), (96 bytes).
    Removing lis3dsh.o(i.LIS3_Init), (104 bytes).
    Removing lis3dsh.o(i.LIS3_ReadAcc), (232 bytes).
    Removing lis3dsh.o(i.LIS3_ReadID), (22 bytes).
    Removing lis3dsh.o(i.LIS3_SPI_Init), (252 bytes).
    Removing lis3dsh.o(.bss), (30 bytes).
    Removing lis3dsh.o(.data), (8 bytes).
    Removing ssd1306.o(.rev16_text), (4 bytes).
    Removing ssd1306.o(.revsh_text), (4 bytes).
    Removing ssd1306.o(.rrx_text), (6 bytes).
    Removing ssd1306.o(i.ssd1306_DrawPixel), (160 bytes).
    Removing ssd1306.o(i.ssd1306_Fill), (32 bytes).
    Removing ssd1306.o(i.ssd1306_Init), (208 bytes).
    Removing ssd1306.o(i.ssd1306_Reset), (2 bytes).
    Removing ssd1306.o(i.ssd1306_SetCursor), (12 bytes).
    Removing ssd1306.o(i.ssd1306_UpdateScreen), (56 bytes).
    Removing ssd1306.o(i.ssd1306_WriteChar), (176 bytes).
    Removing ssd1306.o(i.ssd1306_WriteCommand), (34 bytes).
    Removing ssd1306.o(i.ssd1306_WriteData), (64 bytes).
    Removing ssd1306.o(i.ssd1306_WriteString), (44 bytes).
    Removing ssd1306.o(.bss), (1024 bytes).
    Removing ssd1306.o(.data), (6 bytes).
    Removing ssd1306_fonts.o(.constdata), (10260 bytes).
    Removing ssd1306_fonts.o(.data), (24 bytes).
    Removing htu21d.o(.rev16_text), (4 bytes).
    Removing htu21d.o(.revsh_text), (4 bytes).
    Removing htu21d.o(.rrx_text), (6 bytes).

66 unused section(s) (total 14452 bytes) removed from the image.

==============================================================================

Image Symbol Table

    Local Symbols

    Symbol Name                              Value     Ov Type        Size  Object(Section)

    ../clib/angel/boardlib.s                 0x00000000   Number         0  boardshut.o ABSOLUTE
    ../clib/angel/boardlib.s                 0x00000000   Number         0  boardinit1.o ABSOLUTE
    ../clib/angel/boardlib.s                 0x00000000   Number         0  boardinit2.o ABSOLUTE
    ../clib/angel/boardlib.s                 0x00000000   Number         0  boardinit3.o ABSOLUTE
    ../clib/angel/handlers.s                 0x00000000   Number         0  __scatter_copy.o ABSOLUTE
    ../clib/angel/handlers.s                 0x00000000   Number         0  __scatter_zi.o ABSOLUTE
    ../clib/angel/kernel.s                   0x00000000   Number         0  rtexit.o ABSOLUTE
    ../clib/angel/kernel.s                   0x00000000   Number         0  rtexit2.o ABSOLUTE
    ../clib/angel/kernel.s                   0x00000000   Number         0  __rtentry2.o ABSOLUTE
    ../clib/angel/kernel.s                   0x00000000   Number         0  __rtentry4.o ABSOLUTE
    ../clib/angel/kernel.s                   0x00000000   Number         0  __rtentry.o ABSOLUTE
    ../clib/angel/rt.s                       0x00000000   Number         0  rt_locale_intlibspace.o ABSOLUTE
    ../clib/angel/rt.s                       0x00000000   Number         0  rt_raise.o ABSOLUTE
    ../clib/angel/rt.s                       0x00000000   Number         0  rt_locale.o ABSOLUTE
    ../clib/angel/scatter.s                  0x00000000   Number         0  __scatter.o ABSOLUTE
    ../clib/angel/startup.s                  0x00000000   Number         0  __main.o ABSOLUTE
    ../clib/angel/sys.s                      0x00000000   Number         0  libspace.o ABSOLUTE
    ../clib/angel/sys.s                      0x00000000   Number         0  indicate_semi.o ABSOLUTE
    ../clib/angel/sys.s                      0x00000000   Number         0  sys_stackheap_outer.o ABSOLUTE
    ../clib/angel/sys.s                      0x00000000   Number         0  use_no_semi.o ABSOLUTE
    ../clib/angel/sysapp.c                   0x00000000   Number         0  sys_command.o ABSOLUTE
    ../clib/angel/sysapp.c                   0x00000000   Number         0  sys_exit.o ABSOLUTE
    ../clib/angel/sysapp.c                   0x00000000   Number         0  sys_wrch.o ABSOLUTE
    ../clib/armsys.c                         0x00000000   Number         0  argv_veneer.o ABSOLUTE
    ../clib/armsys.c                         0x00000000   Number         0  argv_veneer.o ABSOLUTE
    ../clib/armsys.c                         0x00000000   Number         0  _get_argv_nomalloc.o ABSOLUTE
    ../clib/armsys.c                         0x00000000   Number         0  no_argv.o ABSOLUTE
    ../clib/bigflt.c                         0x00000000   Number         0  bigflt0.o ABSOLUTE
    ../clib/btod.s                           0x00000000   Number         0  btod.o ABSOLUTE
    ../clib/heapalloc.c                      0x00000000   Number         0  hrguard.o ABSOLUTE
    ../clib/heapaux.c                        0x00000000   Number         0  heapauxi.o ABSOLUTE
    ../clib/libinit.s                        0x00000000   Number         0  libshutdown2.o ABSOLUTE
    ../clib/libinit.s                        0x00000000   Number         0  libinit.o ABSOLUTE
    ../clib/libinit.s                        0x00000000   Number         0  libinit2.o ABSOLUTE
    ../clib/libinit.s                        0x00000000   Number         0  libshutdown.o ABSOLUTE
    ../clib/locale.s                         0x00000000   Number         0  lc_numeric_c.o ABSOLUTE
    ../clib/longlong.s                       0x00000000   Number         0  lludiv10.o ABSOLUTE
    ../clib/memcpset.s                       0x00000000   Number         0  strcmpv7m.o ABSOLUTE
    ../clib/misc.s                           0x00000000   Number         0  printf_stubs.o ABSOLUTE
    ../clib/printf.c                         0x00000000   Number         0  __printf_ss.o ABSOLUTE
    ../clib/printf.c                         0x00000000   Number         0  __2sprintf.o ABSOLUTE
    ../clib/printf.c                         0x00000000   Number         0  __printf_ss_wp.o ABSOLUTE
    ../clib/printf.c                         0x00000000   Number         0  __printf.o ABSOLUTE
    ../clib/printf.c                         0x00000000   Number         0  _printf_pad.o ABSOLUTE
    ../clib/printf.c                         0x00000000   Number         0  _printf_dec.o ABSOLUTE
    ../clib/printf.c                         0x00000000   Number         0  __printf_flags.o ABSOLUTE
    ../clib/printf.c                         0x00000000   Number         0  __printf_flags_ss.o ABSOLUTE
    ../clib/printf.c                         0x00000000   Number         0  __printf_nopercent.o ABSOLUTE
    ../clib/printf.c                         0x00000000   Number         0  __printf_wp.o ABSOLUTE
    ../clib/printf.c                         0x00000000   Number         0  __printf_flags_wp.o ABSOLUTE
    ../clib/printf.c                         0x00000000   Number         0  _printf_fp_infnan.o ABSOLUTE
    ../clib/printf.c                         0x00000000   Number         0  __printf_flags_ss_wp.o ABSOLUTE
    ../clib/printf.c                         0x00000000   Number         0  _printf_intcommon.o ABSOLUTE
    ../clib/printf.c                         0x00000000   Number         0  _printf_fp_dec.o ABSOLUTE
    ../clib/printf.c                         0x00000000   Number         0  _printf_char_common.o ABSOLUTE
    ../clib/printf.c                         0x00000000   Number         0  _sputc.o ABSOLUTE
    ../clib/printf.c                         0x00000000   Number         0  noretval__2sprintf.o ABSOLUTE
    ../clib/printf_percent.s                 0x00000000   Number         0  _printf_percent_end.o ABSOLUTE
    ../clib/printf_percent.s                 0x00000000   Number         0  _printf_d.o ABSOLUTE
    ../clib/printf_percent.s                 0x00000000   Number         0  _printf_f.o ABSOLUTE
    ../clib/printf_percent.s                 0x00000000   Number         0  _printf_percent.o ABSOLUTE
    ../clib/signal.c                         0x00000000   Number         0  defsig_rtmem_formal.o ABSOLUTE
    ../clib/signal.c                         0x00000000   Number         0  defsig_general.o ABSOLUTE
    ../clib/signal.c                         0x00000000   Number         0  defsig_abrt_inner.o ABSOLUTE
    ../clib/signal.c                         0x00000000   Number         0  defsig_segv_inner.o ABSOLUTE
    ../clib/signal.c                         0x00000000   Number         0  defsig_cppl_inner.o ABSOLUTE
    ../clib/signal.c                         0x00000000   Number         0  defsig_fpe_inner.o ABSOLUTE
    ../clib/signal.c                         0x00000000   Number         0  defsig_rtred_inner.o ABSOLUTE
    ../clib/signal.c                         0x00000000   Number         0  defsig_pvfn_inner.o ABSOLUTE
    ../clib/signal.c                         0x00000000   Number         0  __raise.o ABSOLUTE
    ../clib/signal.c                         0x00000000   Number         0  defsig_other.o ABSOLUTE
    ../clib/signal.c                         0x00000000   Number         0  defsig_exit.o ABSOLUTE
    ../clib/signal.c                         0x00000000   Number         0  defsig_stak_inner.o ABSOLUTE
    ../clib/signal.c                         0x00000000   Number         0  defsig_rtmem_inner.o ABSOLUTE
    ../clib/signal.c                         0x00000000   Number         0  defsig_rtmem_outer.o ABSOLUTE
    ../clib/signal.s                         0x00000000   Number         0  defsig.o ABSOLUTE
    ../clib/stdlib.c                         0x00000000   Number         0  exit.o ABSOLUTE
    ../fplib/d2f.s                           0x00000000   Number         0  d2f.o ABSOLUTE
    ../fplib/dflt.s                          0x00000000   Number         0  dflt_clz.o ABSOLUTE
    ../fplib/dmul.s                          0x00000000   Number         0  dmul.o ABSOLUTE
    ../fplib/dnaninf.s                       0x00000000   Number         0  dnaninf.o ABSOLUTE
    ../fplib/dretinf.s                       0x00000000   Number         0  dretinf.o ABSOLUTE
    ../fplib/f2d.s                           0x00000000   Number         0  f2d.o ABSOLUTE
    ../fplib/fnaninf.s                       0x00000000   Number         0  fnaninf.o ABSOLUTE
    ../fplib/fpinit.s                        0x00000000   Number         0  fpinit.o ABSOLUTE
    ../fplib/fretinf.s                       0x00000000   Number         0  fretinf.o ABSOLUTE
    ../fplib/istatus.s                       0x00000000   Number         0  istatus.o ABSOLUTE
    ../fplib/printf1.s                       0x00000000   Number         0  printf1.o ABSOLUTE
    ../fplib/usenofp.s                       0x00000000   Number         0  usenofp.o ABSOLUTE
    ../mathlib/fpclassify.c                  0x00000000   Number         0  fpclassify.o ABSOLUTE
    CMSIS\\src\\system_stm32f4xx.c           0x00000000   Number         0  system_stm32f4xx.o ABSOLUTE
    CMSIS\src\system_stm32f4xx.c             0x00000000   Number         0  system_stm32f4xx.o ABSOLUTE
    Code\\src\\Delay.c                       0x00000000   Number         0  delay.o ABSOLUTE
    Code\\src\\I2C.c                         0x00000000   Number         0  i2c.o ABSOLUTE
    Code\\src\\LIS3DSH.c                     0x00000000   Number         0  lis3dsh.o ABSOLUTE
    Code\\src\\SPI.c                         0x00000000   Number         0  spi.o ABSOLUTE
    Code\\src\\Start_Init.c                  0x00000000   Number         0  start_init.o ABSOLUTE
    Code\\src\\USART.c                       0x00000000   Number         0  usart.o ABSOLUTE
    Code\\src\\htu21d.c                      0x00000000   Number         0  htu21d.o ABSOLUTE
    Code\\src\\main.c                        0x00000000   Number         0  main.o ABSOLUTE
    Code\src\Delay.c                         0x00000000   Number         0  delay.o ABSOLUTE
    Code\src\I2C.c                           0x00000000   Number         0  i2c.o ABSOLUTE
    Code\src\LIS3DSH.c                       0x00000000   Number         0  lis3dsh.o ABSOLUTE
    Code\src\SPI.c                           0x00000000   Number         0  spi.o ABSOLUTE
    Code\src\Start_Init.c                    0x00000000   Number         0  start_init.o ABSOLUTE
    Code\src\USART.c                         0x00000000   Number         0  usart.o ABSOLUTE
    Code\src\htu21d.c                        0x00000000   Number         0  htu21d.o ABSOLUTE
    Code\src\main.c                          0x00000000   Number         0  main.o ABSOLUTE
    SSD1306\\ssd1306.c                       0x00000000   Number         0  ssd1306.o ABSOLUTE
    SSD1306\ssd1306.c                        0x00000000   Number         0  ssd1306.o ABSOLUTE
    SSD1306\ssd1306_fonts.c                  0x00000000   Number         0  ssd1306_fonts.o ABSOLUTE
    StartUp\startup_stm32f407xx.s            0x00000000   Number         0  startup_stm32f407xx.o ABSOLUTE
    dc.s                                     0x00000000   Number         0  dc.o ABSOLUTE
    RESET                                    0x08000000   Section      392  startup_stm32f407xx.o(RESET)
    !!!main                                  0x08000188   Section        8  __main.o(!!!main)
    !!!scatter                               0x08000190   Section       52  __scatter.o(!!!scatter)
    !!handler_copy                           0x080001c4   Section       26  __scatter_copy.o(!!handler_copy)
    !!handler_zi                             0x080001e0   Section       28  __scatter_zi.o(!!handler_zi)
    .ARM.Collect$$_printf_percent$$00000000  0x080001fc   Section        0  _printf_percent.o(.ARM.Collect$$_printf_percent$$00000000)
    .ARM.Collect$$_printf_percent$$00000003  0x080001fc   Section        6  _printf_f.o(.ARM.Collect$$_printf_percent$$00000003)
    .ARM.Collect$$_printf_percent$$00000017  0x08000202   Section        4  _printf_percent_end.o(.ARM.Collect$$_printf_percent$$00000017)
    .ARM.Collect$$libinit$$00000000          0x08000206   Section        2  libinit.o(.ARM.Collect$$libinit$$00000000)
    .ARM.Collect$$libinit$$00000001          0x08000208   Section        4  libinit2.o(.ARM.Collect$$libinit$$00000001)
    .ARM.Collect$$libinit$$00000004          0x0800020c   Section        0  libinit2.o(.ARM.Collect$$libinit$$00000004)
    .ARM.Collect$$libinit$$0000000A          0x0800020c   Section        0  libinit2.o(.ARM.Collect$$libinit$$0000000A)
    .ARM.Collect$$libinit$$0000000C          0x0800020c   Section        0  libinit2.o(.ARM.Collect$$libinit$$0000000C)
    .ARM.Collect$$libinit$$0000000E          0x0800020c   Section        0  libinit2.o(.ARM.Collect$$libinit$$0000000E)
    .ARM.Collect$$libinit$$0000000F          0x0800020c   Section        6  libinit2.o(.ARM.Collect$$libinit$$0000000F)
    .ARM.Collect$$libinit$$00000011          0x08000212   Section        0  libinit2.o(.ARM.Collect$$libinit$$00000011)
    .ARM.Collect$$libinit$$00000013          0x08000212   Section        0  libinit2.o(.ARM.Collect$$libinit$$00000013)
    .ARM.Collect$$libinit$$00000015          0x08000212   Section        0  libinit2.o(.ARM.Collect$$libinit$$00000015)
    .ARM.Collect$$libinit$$00000016          0x08000212   Section       10  libinit2.o(.ARM.Collect$$libinit$$00000016)
    .ARM.Collect$$libinit$$00000017          0x0800021c   Section        0  libinit2.o(.ARM.Collect$$libinit$$00000017)
    .ARM.Collect$$libinit$$00000019          0x0800021c   Section        0  libinit2.o(.ARM.Collect$$libinit$$00000019)
    .ARM.Collect$$libinit$$0000001B          0x0800021c   Section        0  libinit2.o(.ARM.Collect$$libinit$$0000001B)
    .ARM.Collect$$libinit$$0000001D          0x0800021c   Section        0  libinit2.o(.ARM.Collect$$libinit$$0000001D)
    .ARM.Collect$$libinit$$0000001F          0x0800021c   Section        0  libinit2.o(.ARM.Collect$$libinit$$0000001F)
    .ARM.Collect$$libinit$$00000021          0x0800021c   Section        0  libinit2.o(.ARM.Collect$$libinit$$00000021)
    .ARM.Collect$$libinit$$00000023          0x0800021c   Section        0  libinit2.o(.ARM.Collect$$libinit$$00000023)
    .ARM.Collect$$libinit$$00000025          0x0800021c   Section        0  libinit2.o(.ARM.Collect$$libinit$$00000025)
    .ARM.Collect$$libinit$$0000002C          0x0800021c   Section        0  libinit2.o(.ARM.Collect$$libinit$$0000002C)
    .ARM.Collect$$libinit$$0000002E          0x0800021c   Section        0  libinit2.o(.ARM.Collect$$libinit$$0000002E)
    .ARM.Collect$$libinit$$00000030          0x0800021c   Section        0  libinit2.o(.ARM.Collect$$libinit$$00000030)
    .ARM.Collect$$libinit$$00000032          0x0800021c   Section        0  libinit2.o(.ARM.Collect$$libinit$$00000032)
    .ARM.Collect$$libinit$$00000033          0x0800021c   Section        2  libinit2.o(.ARM.Collect$$libinit$$00000033)
    .ARM.Collect$$libshutdown$$00000000      0x0800021e   Section        2  libshutdown.o(.ARM.Collect$$libshutdown$$00000000)
    .ARM.Collect$$libshutdown$$00000002      0x08000220   Section        0  libshutdown2.o(.ARM.Collect$$libshutdown$$00000002)
    .ARM.Collect$$libshutdown$$00000004      0x08000220   Section        0  libshutdown2.o(.ARM.Collect$$libshutdown$$00000004)
    .ARM.Collect$$libshutdown$$00000007      0x08000220   Section        0  libshutdown2.o(.ARM.Collect$$libshutdown$$00000007)
    .ARM.Collect$$libshutdown$$0000000A      0x08000220   Section        0  libshutdown2.o(.ARM.Collect$$libshutdown$$0000000A)
    .ARM.Collect$$libshutdown$$0000000C      0x08000220   Section        0  libshutdown2.o(.ARM.Collect$$libshutdown$$0000000C)
    .ARM.Collect$$libshutdown$$0000000F      0x08000220   Section        0  libshutdown2.o(.ARM.Collect$$libshutdown$$0000000F)
    .ARM.Collect$$libshutdown$$00000010      0x08000220   Section        2  libshutdown2.o(.ARM.Collect$$libshutdown$$00000010)
    .ARM.Collect$$rtentry$$00000000          0x08000222   Section        0  __rtentry.o(.ARM.Collect$$rtentry$$00000000)
    .ARM.Collect$$rtentry$$00000002          0x08000222   Section        0  __rtentry2.o(.ARM.Collect$$rtentry$$00000002)
    .ARM.Collect$$rtentry$$00000004          0x08000222   Section        6  __rtentry4.o(.ARM.Collect$$rtentry$$00000004)
    .ARM.Collect$$rtentry$$00000009          0x08000228   Section        0  __rtentry2.o(.ARM.Collect$$rtentry$$00000009)
    .ARM.Collect$$rtentry$$0000000A          0x08000228   Section        4  __rtentry2.o(.ARM.Collect$$rtentry$$0000000A)
    .ARM.Collect$$rtentry$$0000000C          0x0800022c   Section        0  __rtentry2.o(.ARM.Collect$$rtentry$$0000000C)
    .ARM.Collect$$rtentry$$0000000D          0x0800022c   Section        8  __rtentry2.o(.ARM.Collect$$rtentry$$0000000D)
    .ARM.Collect$$rtexit$$00000000           0x08000234   Section        2  rtexit.o(.ARM.Collect$$rtexit$$00000000)
    .ARM.Collect$$rtexit$$00000002           0x08000236   Section        0  rtexit2.o(.ARM.Collect$$rtexit$$00000002)
    .ARM.Collect$$rtexit$$00000003           0x08000236   Section        4  rtexit2.o(.ARM.Collect$$rtexit$$00000003)
    .ARM.Collect$$rtexit$$00000004           0x0800023a   Section        6  rtexit2.o(.ARM.Collect$$rtexit$$00000004)
    .text                                    0x08000240   Section       64  startup_stm32f407xx.o(.text)
    $v0                                      0x08000240   Number         0  startup_stm32f407xx.o(.text)
    .text                                    0x08000280   Section        0  noretval__2sprintf.o(.text)
    .text                                    0x080002a8   Section        0  __printf_flags_wp.o(.text)
    .text                                    0x080003e0   Section        0  heapauxi.o(.text)
    .text                                    0x080003e6   Section        0  _printf_fp_dec.o(.text)
    _fp_digits                               0x080003e9   Thumb Code   432  _printf_fp_dec.o(.text)
    .text                                    0x08000804   Section        0  _printf_char_common.o(.text)
    _printf_input_char                       0x08000805   Thumb Code    10  _printf_char_common.o(.text)
    .text                                    0x08000834   Section        0  _sputc.o(.text)
    .text                                    0x08000840   Section        8  rt_locale_intlibspace.o(.text)
    .text                                    0x08000848   Section      138  lludiv10.o(.text)
    .text                                    0x080008d4   Section        0  _printf_fp_infnan.o(.text)
    .text                                    0x08000954   Section        0  bigflt0.o(.text)
    .text                                    0x08000a38   Section        8  libspace.o(.text)
    .text                                    0x08000a40   Section       74  sys_stackheap_outer.o(.text)
    .text                                    0x08000a8a   Section        0  exit.o(.text)
    .text                                    0x08000a9c   Section      128  strcmpv7m.o(.text)
    .text                                    0x08000b1c   Section        0  sys_exit.o(.text)
    .text                                    0x08000b28   Section        2  use_no_semi.o(.text)
    .text                                    0x08000b2a   Section        0  indicate_semi.o(.text)
    CL$$btod_d2e                             0x08000b2a   Section       62  btod.o(CL$$btod_d2e)
    CL$$btod_d2e_denorm_low                  0x08000b68   Section       70  btod.o(CL$$btod_d2e_denorm_low)
    CL$$btod_d2e_norm_op1                    0x08000bae   Section       96  btod.o(CL$$btod_d2e_norm_op1)
    CL$$btod_div_common                      0x08000c0e   Section      824  btod.o(CL$$btod_div_common)
    CL$$btod_e2e                             0x08000f46   Section      220  btod.o(CL$$btod_e2e)
    CL$$btod_ediv                            0x08001022   Section       42  btod.o(CL$$btod_ediv)
    CL$$btod_emul                            0x0800104c   Section       42  btod.o(CL$$btod_emul)
    CL$$btod_mult_common                     0x08001076   Section      580  btod.o(CL$$btod_mult_common)
    i.CheckCRC                               0x080012bc   Section        0  htu21d.o(i.CheckCRC)
    i.Delay_Init                             0x080012ec   Section        0  delay.o(i.Delay_Init)
    i.Delay_ms                               0x08001300   Section        0  delay.o(i.Delay_ms)
    i.GPIO_Init                              0x08001318   Section        0  start_init.o(i.GPIO_Init)
    i.I2C1_Init                              0x080013e4   Section        0  i2c.o(i.I2C1_Init)
    i.RCC_Init                               0x080014bc   Section        0  start_init.o(i.RCC_Init)
    i.Read_data_i2c                          0x0800159c   Section        0  i2c.o(i.Read_data_i2c)
    i.Read_last_data_i2c                     0x080015c8   Section        0  i2c.o(i.Read_last_data_i2c)
    i.Start_i2c                              0x08001608   Section        0  i2c.o(i.Start_i2c)
    i.Stop_i2c                               0x08001630   Section        0  i2c.o(i.Stop_i2c)
    i.SysTick_Handler                        0x08001644   Section        0  delay.o(i.SysTick_Handler)
    i.SystemInit                             0x08001654   Section        0  system_stm32f4xx.o(i.SystemInit)
    i.USART2_IRQHandler                      0x080016b8   Section        0  usart.o(i.USART2_IRQHandler)
    i.USART2_Init                            0x08001720   Section        0  usart.o(i.USART2_Init)
    i.USART2_Send                            0x080017f0   Section        0  usart.o(i.USART2_Send)
    i.USART2_Send_String                     0x0800180c   Section        0  usart.o(i.USART2_Send_String)
    i.Write_addr_i2c                         0x08001828   Section        0  i2c.o(i.Write_addr_i2c)
    i.Write_last_data_i2c                    0x0800186c   Section        0  i2c.o(i.Write_last_data_i2c)
    i.__ARM_fpclassify                       0x08001890   Section        0  fpclassify.o(i.__ARM_fpclassify)
    i._is_digit                              0x080018c0   Section        0  __printf_wp.o(i._is_digit)
    i.ht21d_GetHumidity                      0x080018d0   Section        0  htu21d.o(i.ht21d_GetHumidity)
    i.ht21d_GetTemp                          0x0800192c   Section        0  htu21d.o(i.ht21d_GetTemp)
    i.htu21d_ReadValue                       0x0800198c   Section        0  htu21d.o(i.htu21d_ReadValue)
    i.htu21d_SoftReset                       0x080019e4   Section        0  htu21d.o(i.htu21d_SoftReset)
    i.main                                   0x08001a00   Section        0  main.o(i.main)
    locale$$code                             0x08001aac   Section       44  lc_numeric_c.o(locale$$code)
    x$fpl$d2f                                0x08001ad8   Section       98  d2f.o(x$fpl$d2f)
    $v0                                      0x08001ad8   Number         0  d2f.o(x$fpl$d2f)
    x$fpl$dfltu                              0x08001b3a   Section       38  dflt_clz.o(x$fpl$dfltu)
    $v0                                      0x08001b3a   Number         0  dflt_clz.o(x$fpl$dfltu)
    x$fpl$dmul                               0x08001b60   Section      340  dmul.o(x$fpl$dmul)
    $v0                                      0x08001b60   Number         0  dmul.o(x$fpl$dmul)
    x$fpl$dnaninf                            0x08001cb4   Section      156  dnaninf.o(x$fpl$dnaninf)
    $v0                                      0x08001cb4   Number         0  dnaninf.o(x$fpl$dnaninf)
    x$fpl$dretinf                            0x08001d50   Section       12  dretinf.o(x$fpl$dretinf)
    $v0                                      0x08001d50   Number         0  dretinf.o(x$fpl$dretinf)
    x$fpl$f2d                                0x08001d5c   Section       86  f2d.o(x$fpl$f2d)
    $v0                                      0x08001d5c   Number         0  f2d.o(x$fpl$f2d)
    x$fpl$fnaninf                            0x08001db2   Section      140  fnaninf.o(x$fpl$fnaninf)
    $v0                                      0x08001db2   Number         0  fnaninf.o(x$fpl$fnaninf)
    x$fpl$fpinit                             0x08001e3e   Section       10  fpinit.o(x$fpl$fpinit)
    $v0                                      0x08001e3e   Number         0  fpinit.o(x$fpl$fpinit)
    x$fpl$fretinf                            0x08001e48   Section       10  fretinf.o(x$fpl$fretinf)
    $v0                                      0x08001e48   Number         0  fretinf.o(x$fpl$fretinf)
    x$fpl$printf1                            0x08001e52   Section        4  printf1.o(x$fpl$printf1)
    $v0                                      0x08001e52   Number         0  printf1.o(x$fpl$printf1)
    .constdata                               0x08001e56   Section       17  __printf_flags_wp.o(.constdata)
    x$fpl$usenofp                            0x08001e56   Section        0  usenofp.o(x$fpl$usenofp)
    maptable                                 0x08001e56   Data          17  __printf_flags_wp.o(.constdata)
    .constdata                               0x08001e68   Section      148  bigflt0.o(.constdata)
    tenpwrs_x                                0x08001e68   Data          60  bigflt0.o(.constdata)
    tenpwrs_i                                0x08001ea4   Data          64  bigflt0.o(.constdata)
    locale$$data                             0x08001f1c   Section       28  lc_numeric_c.o(locale$$data)
    __lcnum_c_name                           0x08001f20   Data           2  lc_numeric_c.o(locale$$data)
    __lcnum_c_start                          0x08001f28   Data           0  lc_numeric_c.o(locale$$data)
    __lcnum_c_point                          0x08001f34   Data           0  lc_numeric_c.o(locale$$data)
    __lcnum_c_thousands                      0x08001f36   Data           0  lc_numeric_c.o(locale$$data)
    __lcnum_c_grouping                       0x08001f37   Data           0  lc_numeric_c.o(locale$$data)
    __lcnum_c_end                            0x08001f38   Data           0  lc_numeric_c.o(locale$$data)
    .data                                    0x20000000   Section        8  main.o(.data)
    .data                                    0x20000008   Section        4  delay.o(.data)
    .bss                                     0x2000000c   Section       40  main.o(.bss)
    .bss                                     0x20000034   Section       96  libspace.o(.bss)
    HEAP                                     0x20000098   Section      512  startup_stm32f407xx.o(HEAP)
    Heap_Mem                                 0x20000098   Data         512  startup_stm32f407xx.o(HEAP)
    STACK                                    0x20000298   Section     1024  startup_stm32f407xx.o(STACK)
    Stack_Mem                                0x20000298   Data        1024  startup_stm32f407xx.o(STACK)
    __initial_sp                             0x20000698   Data           0  startup_stm32f407xx.o(STACK)

    Global Symbols

    Symbol Name                              Value     Ov Type        Size  Object(Section)

    BuildAttributes$$THM_ISAv4$E$P$D$K$B$S$7EM$VFPi3$EXTD16$VFPS$VFMA$PE$A:L22UL41UL21$X:L11$S22US41US21$IEEE1$IW$USESV6$~STKCKD$USESV7$~SHL$OTIME$ROPI$IEEEJ$EBA8$UX$STANDARDLIB$REQ8$PRES8$EABIv2 0x00000000   Number         0  anon$$obj.o ABSOLUTE
    __ARM_use_no_argv                        0x00000000   Number         0  main.o ABSOLUTE
    _printf_flags                            0x00000000   Number         0  printf_stubs.o ABSOLUTE
    _printf_return_value                     0x00000000   Number         0  printf_stubs.o ABSOLUTE
    _printf_sizespec                         0x00000000   Number         0  printf_stubs.o ABSOLUTE
    _printf_widthprec                        0x00000000   Number         0  printf_stubs.o ABSOLUTE
    __ARM_exceptions_init                     - Undefined Weak Reference
    __alloca_initialize                       - Undefined Weak Reference
    __arm_preinit_                            - Undefined Weak Reference
    __cpp_initialize__aeabi_                  - Undefined Weak Reference
    __cxa_finalize                            - Undefined Weak Reference
    __sigvec_lookup                           - Undefined Weak Reference
    _atexit_init                              - Undefined Weak Reference
    _call_atexit_fns                          - Undefined Weak Reference
    _clock_init                               - Undefined Weak Reference
    _fp_trap_init                             - Undefined Weak Reference
    _fp_trap_shutdown                         - Undefined Weak Reference
    _get_lc_collate                           - Undefined Weak Reference
    _get_lc_ctype                             - Undefined Weak Reference
    _get_lc_monetary                          - Undefined Weak Reference
    _get_lc_time                              - Undefined Weak Reference
    _getenv_init                              - Undefined Weak Reference
    _handle_redirection                       - Undefined Weak Reference
    _init_alloc                               - Undefined Weak Reference
    _init_user_alloc                          - Undefined Weak Reference
    _initio                                   - Undefined Weak Reference
    _printf_truncate_signed                   - Undefined Weak Reference
    _printf_truncate_unsigned                 - Undefined Weak Reference
    _rand_init                                - Undefined Weak Reference
    _signal_finish                            - Undefined Weak Reference
    _signal_init                              - Undefined Weak Reference
    _terminate_alloc                          - Undefined Weak Reference
    _terminate_user_alloc                     - Undefined Weak Reference
    _terminateio                              - Undefined Weak Reference
    __Vectors_Size                           0x00000188   Number         0  startup_stm32f407xx.o ABSOLUTE
    __Vectors                                0x08000000   Data           4  startup_stm32f407xx.o(RESET)
    __Vectors_End                            0x08000188   Data           0  startup_stm32f407xx.o(RESET)
    __main                                   0x08000189   Thumb Code     8  __main.o(!!!main)
    __scatterload                            0x08000191   Thumb Code     0  __scatter.o(!!!scatter)
    __scatterload_rt2                        0x08000191   Thumb Code    44  __scatter.o(!!!scatter)
    __scatterload_rt2_thumb_only             0x08000191   Thumb Code     0  __scatter.o(!!!scatter)
    __scatterload_null                       0x0800019f   Thumb Code     0  __scatter.o(!!!scatter)
    __scatterload_copy                       0x080001c5   Thumb Code    26  __scatter_copy.o(!!handler_copy)
    __scatterload_zeroinit                   0x080001e1   Thumb Code    28  __scatter_zi.o(!!handler_zi)
    _printf_f                                0x080001fd   Thumb Code     0  _printf_f.o(.ARM.Collect$$_printf_percent$$00000003)
    _printf_percent                          0x080001fd   Thumb Code     0  _printf_percent.o(.ARM.Collect$$_printf_percent$$00000000)
    _printf_percent_end                      0x08000203   Thumb Code     0  _printf_percent_end.o(.ARM.Collect$$_printf_percent$$00000017)
    __rt_lib_init                            0x08000207   Thumb Code     0  libinit.o(.ARM.Collect$$libinit$$00000000)
    __rt_lib_init_fp_1                       0x08000209   Thumb Code     0  libinit2.o(.ARM.Collect$$libinit$$00000001)
    __rt_lib_init_heap_1                     0x0800020d   Thumb Code     0  libinit2.o(.ARM.Collect$$libinit$$0000000A)
    __rt_lib_init_lc_common                  0x0800020d   Thumb Code     0  libinit2.o(.ARM.Collect$$libinit$$0000000F)
    __rt_lib_init_preinit_1                  0x0800020d   Thumb Code     0  libinit2.o(.ARM.Collect$$libinit$$00000004)
    __rt_lib_init_rand_1                     0x0800020d   Thumb Code     0  libinit2.o(.ARM.Collect$$libinit$$0000000E)
    __rt_lib_init_user_alloc_1               0x0800020d   Thumb Code     0  libinit2.o(.ARM.Collect$$libinit$$0000000C)
    __rt_lib_init_lc_collate_1               0x08000213   Thumb Code     0  libinit2.o(.ARM.Collect$$libinit$$00000011)
    __rt_lib_init_lc_ctype_1                 0x08000213   Thumb Code     0  libinit2.o(.ARM.Collect$$libinit$$00000013)
    __rt_lib_init_lc_monetary_1              0x08000213   Thumb Code     0  libinit2.o(.ARM.Collect$$libinit$$00000015)
    __rt_lib_init_lc_numeric_2               0x08000213   Thumb Code     0  libinit2.o(.ARM.Collect$$libinit$$00000016)
    __rt_lib_init_alloca_1                   0x0800021d   Thumb Code     0  libinit2.o(.ARM.Collect$$libinit$$0000002E)
    __rt_lib_init_argv_1                     0x0800021d   Thumb Code     0  libinit2.o(.ARM.Collect$$libinit$$0000002C)
    __rt_lib_init_atexit_1                   0x0800021d   Thumb Code     0  libinit2.o(.ARM.Collect$$libinit$$0000001B)
    __rt_lib_init_clock_1                    0x0800021d   Thumb Code     0  libinit2.o(.ARM.Collect$$libinit$$00000021)
    __rt_lib_init_cpp_1                      0x0800021d   Thumb Code     0  libinit2.o(.ARM.Collect$$libinit$$00000032)
    __rt_lib_init_exceptions_1               0x0800021d   Thumb Code     0  libinit2.o(.ARM.Collect$$libinit$$00000030)
    __rt_lib_init_fp_trap_1                  0x0800021d   Thumb Code     0  libinit2.o(.ARM.Collect$$libinit$$0000001F)
    __rt_lib_init_getenv_1                   0x0800021d   Thumb Code     0  libinit2.o(.ARM.Collect$$libinit$$00000023)
    __rt_lib_init_lc_numeric_1               0x0800021d   Thumb Code     0  libinit2.o(.ARM.Collect$$libinit$$00000017)
    __rt_lib_init_lc_time_1                  0x0800021d   Thumb Code     0  libinit2.o(.ARM.Collect$$libinit$$00000019)
    __rt_lib_init_return                     0x0800021d   Thumb Code     0  libinit2.o(.ARM.Collect$$libinit$$00000033)
    __rt_lib_init_signal_1                   0x0800021d   Thumb Code     0  libinit2.o(.ARM.Collect$$libinit$$0000001D)
    __rt_lib_init_stdio_1                    0x0800021d   Thumb Code     0  libinit2.o(.ARM.Collect$$libinit$$00000025)
    __rt_lib_shutdown                        0x0800021f   Thumb Code     0  libshutdown.o(.ARM.Collect$$libshutdown$$00000000)
    __rt_lib_shutdown_cpp_1                  0x08000221   Thumb Code     0  libshutdown2.o(.ARM.Collect$$libshutdown$$00000002)
    __rt_lib_shutdown_fp_trap_1              0x08000221   Thumb Code     0  libshutdown2.o(.ARM.Collect$$libshutdown$$00000007)
    __rt_lib_shutdown_heap_1                 0x08000221   Thumb Code     0  libshutdown2.o(.ARM.Collect$$libshutdown$$0000000F)
    __rt_lib_shutdown_return                 0x08000221   Thumb Code     0  libshutdown2.o(.ARM.Collect$$libshutdown$$00000010)
    __rt_lib_shutdown_signal_1               0x08000221   Thumb Code     0  libshutdown2.o(.ARM.Collect$$libshutdown$$0000000A)
    __rt_lib_shutdown_stdio_1                0x08000221   Thumb Code     0  libshutdown2.o(.ARM.Collect$$libshutdown$$00000004)
    __rt_lib_shutdown_user_alloc_1           0x08000221   Thumb Code     0  libshutdown2.o(.ARM.Collect$$libshutdown$$0000000C)
    __rt_entry                               0x08000223   Thumb Code     0  __rtentry.o(.ARM.Collect$$rtentry$$00000000)
    __rt_entry_presh_1                       0x08000223   Thumb Code     0  __rtentry2.o(.ARM.Collect$$rtentry$$00000002)
    __rt_entry_sh                            0x08000223   Thumb Code     0  __rtentry4.o(.ARM.Collect$$rtentry$$00000004)
    __rt_entry_li                            0x08000229   Thumb Code     0  __rtentry2.o(.ARM.Collect$$rtentry$$0000000A)
    __rt_entry_postsh_1                      0x08000229   Thumb Code     0  __rtentry2.o(.ARM.Collect$$rtentry$$00000009)
    __rt_entry_main                          0x0800022d   Thumb Code     0  __rtentry2.o(.ARM.Collect$$rtentry$$0000000D)
    __rt_entry_postli_1                      0x0800022d   Thumb Code     0  __rtentry2.o(.ARM.Collect$$rtentry$$0000000C)
    __rt_exit                                0x08000235   Thumb Code     0  rtexit.o(.ARM.Collect$$rtexit$$00000000)
    __rt_exit_ls                             0x08000237   Thumb Code     0  rtexit2.o(.ARM.Collect$$rtexit$$00000003)
    __rt_exit_prels_1                        0x08000237   Thumb Code     0  rtexit2.o(.ARM.Collect$$rtexit$$00000002)
    __rt_exit_exit                           0x0800023b   Thumb Code     0  rtexit2.o(.ARM.Collect$$rtexit$$00000004)
    Reset_Handler                            0x08000241   Thumb Code     8  startup_stm32f407xx.o(.text)
    NMI_Handler                              0x08000249   Thumb Code     2  startup_stm32f407xx.o(.text)
    HardFault_Handler                        0x0800024b   Thumb Code     2  startup_stm32f407xx.o(.text)
    MemManage_Handler                        0x0800024d   Thumb Code     2  startup_stm32f407xx.o(.text)
    BusFault_Handler                         0x0800024f   Thumb Code     2  startup_stm32f407xx.o(.text)
    UsageFault_Handler                       0x08000251   Thumb Code     2  startup_stm32f407xx.o(.text)
    SVC_Handler                              0x08000253   Thumb Code     2  startup_stm32f407xx.o(.text)
    DebugMon_Handler                         0x08000255   Thumb Code     2  startup_stm32f407xx.o(.text)
    PendSV_Handler                           0x08000257   Thumb Code     2  startup_stm32f407xx.o(.text)
    ADC_IRQHandler                           0x0800025b   Thumb Code     0  startup_stm32f407xx.o(.text)
    CAN1_RX0_IRQHandler                      0x0800025b   Thumb Code     0  startup_stm32f407xx.o(.text)
    CAN1_RX1_IRQHandler                      0x0800025b   Thumb Code     0  startup_stm32f407xx.o(.text)
    CAN1_SCE_IRQHandler                      0x0800025b   Thumb Code     0  startup_stm32f407xx.o(.text)
    CAN1_TX_IRQHandler                       0x0800025b   Thumb Code     0  startup_stm32f407xx.o(.text)
    CAN2_RX0_IRQHandler                      0x0800025b   Thumb Code     0  startup_stm32f407xx.o(.text)
    CAN2_RX1_IRQHandler                      0x0800025b   Thumb Code     0  startup_stm32f407xx.o(.text)
    CAN2_SCE_IRQHandler                      0x0800025b   Thumb Code     0  startup_stm32f407xx.o(.text)
    CAN2_TX_IRQHandler                       0x0800025b   Thumb Code     0  startup_stm32f407xx.o(.text)
    DCMI_IRQHandler                          0x0800025b   Thumb Code     0  startup_stm32f407xx.o(.text)
    DMA1_Stream0_IRQHandler                  0x0800025b   Thumb Code     0  startup_stm32f407xx.o(.text)
    DMA1_Stream1_IRQHandler                  0x0800025b   Thumb Code     0  startup_stm32f407xx.o(.text)
    DMA1_Stream2_IRQHandler                  0x0800025b   Thumb Code     0  startup_stm32f407xx.o(.text)
    DMA1_Stream3_IRQHandler                  0x0800025b   Thumb Code     0  startup_stm32f407xx.o(.text)
    DMA1_Stream4_IRQHandler                  0x0800025b   Thumb Code     0  startup_stm32f407xx.o(.text)
    DMA1_Stream5_IRQHandler                  0x0800025b   Thumb Code     0  startup_stm32f407xx.o(.text)
    DMA1_Stream6_IRQHandler                  0x0800025b   Thumb Code     0  startup_stm32f407xx.o(.text)
    DMA1_Stream7_IRQHandler                  0x0800025b   Thumb Code     0  startup_stm32f407xx.o(.text)
    DMA2_Stream0_IRQHandler                  0x0800025b   Thumb Code     0  startup_stm32f407xx.o(.text)
    DMA2_Stream1_IRQHandler                  0x0800025b   Thumb Code     0  startup_stm32f407xx.o(.text)
    DMA2_Stream2_IRQHandler                  0x0800025b   Thumb Code     0  startup_stm32f407xx.o(.text)
    DMA2_Stream3_IRQHandler                  0x0800025b   Thumb Code     0  startup_stm32f407xx.o(.text)
    DMA2_Stream4_IRQHandler                  0x0800025b   Thumb Code     0  startup_stm32f407xx.o(.text)
    DMA2_Stream5_IRQHandler                  0x0800025b   Thumb Code     0  startup_stm32f407xx.o(.text)
    DMA2_Stream6_IRQHandler                  0x0800025b   Thumb Code     0  startup_stm32f407xx.o(.text)
    DMA2_Stream7_IRQHandler                  0x0800025b   Thumb Code     0  startup_stm32f407xx.o(.text)
    ETH_IRQHandler                           0x0800025b   Thumb Code     0  startup_stm32f407xx.o(.text)
    ETH_WKUP_IRQHandler                      0x0800025b   Thumb Code     0  startup_stm32f407xx.o(.text)
    EXTI0_IRQHandler                         0x0800025b   Thumb Code     0  startup_stm32f407xx.o(.text)
    EXTI15_10_IRQHandler                     0x0800025b   Thumb Code     0  startup_stm32f407xx.o(.text)
    EXTI1_IRQHandler                         0x0800025b   Thumb Code     0  startup_stm32f407xx.o(.text)
    EXTI2_IRQHandler                         0x0800025b   Thumb Code     0  startup_stm32f407xx.o(.text)
    EXTI3_IRQHandler                         0x0800025b   Thumb Code     0  startup_stm32f407xx.o(.text)
    EXTI4_IRQHandler                         0x0800025b   Thumb Code     0  startup_stm32f407xx.o(.text)
    EXTI9_5_IRQHandler                       0x0800025b   Thumb Code     0  startup_stm32f407xx.o(.text)
    FLASH_IRQHandler                         0x0800025b   Thumb Code     0  startup_stm32f407xx.o(.text)
    FMC_IRQHandler                           0x0800025b   Thumb Code     0  startup_stm32f407xx.o(.text)
    FPU_IRQHandler                           0x0800025b   Thumb Code     0  startup_stm32f407xx.o(.text)
    HASH_RNG_IRQHandler                      0x0800025b   Thumb Code     0  startup_stm32f407xx.o(.text)
    I2C1_ER_IRQHandler                       0x0800025b   Thumb Code     0  startup_stm32f407xx.o(.text)
    I2C1_EV_IRQHandler                       0x0800025b   Thumb Code     0  startup_stm32f407xx.o(.text)
    I2C2_ER_IRQHandler                       0x0800025b   Thumb Code     0  startup_stm32f407xx.o(.text)
    I2C2_EV_IRQHandler                       0x0800025b   Thumb Code     0  startup_stm32f407xx.o(.text)
    I2C3_ER_IRQHandler                       0x0800025b   Thumb Code     0  startup_stm32f407xx.o(.text)
    I2C3_EV_IRQHandler                       0x0800025b   Thumb Code     0  startup_stm32f407xx.o(.text)
    OTG_FS_IRQHandler                        0x0800025b   Thumb Code     0  startup_stm32f407xx.o(.text)
    OTG_FS_WKUP_IRQHandler                   0x0800025b   Thumb Code     0  startup_stm32f407xx.o(.text)
    OTG_HS_EP1_IN_IRQHandler                 0x0800025b   Thumb Code     0  startup_stm32f407xx.o(.text)
    OTG_HS_EP1_OUT_IRQHandler                0x0800025b   Thumb Code     0  startup_stm32f407xx.o(.text)
    OTG_HS_IRQHandler                        0x0800025b   Thumb Code     0  startup_stm32f407xx.o(.text)
    OTG_HS_WKUP_IRQHandler                   0x0800025b   Thumb Code     0  startup_stm32f407xx.o(.text)
    PVD_IRQHandler                           0x0800025b   Thumb Code     0  startup_stm32f407xx.o(.text)
    RCC_IRQHandler                           0x0800025b   Thumb Code     0  startup_stm32f407xx.o(.text)
    RTC_Alarm_IRQHandler                     0x0800025b   Thumb Code     0  startup_stm32f407xx.o(.text)
    RTC_WKUP_IRQHandler                      0x0800025b   Thumb Code     0  startup_stm32f407xx.o(.text)
    SDIO_IRQHandler                          0x0800025b   Thumb Code     0  startup_stm32f407xx.o(.text)
    SPI1_IRQHandler                          0x0800025b   Thumb Code     0  startup_stm32f407xx.o(.text)
    SPI2_IRQHandler                          0x0800025b   Thumb Code     0  startup_stm32f407xx.o(.text)
    SPI3_IRQHandler                          0x0800025b   Thumb Code     0  startup_stm32f407xx.o(.text)
    TAMP_STAMP_IRQHandler                    0x0800025b   Thumb Code     0  startup_stm32f407xx.o(.text)
    TIM1_BRK_TIM9_IRQHandler                 0x0800025b   Thumb Code     0  startup_stm32f407xx.o(.text)
    TIM1_CC_IRQHandler                       0x0800025b   Thumb Code     0  startup_stm32f407xx.o(.text)
    TIM1_TRG_COM_TIM11_IRQHandler            0x0800025b   Thumb Code     0  startup_stm32f407xx.o(.text)
    TIM1_UP_TIM10_IRQHandler                 0x0800025b   Thumb Code     0  startup_stm32f407xx.o(.text)
    TIM2_IRQHandler                          0x0800025b   Thumb Code     0  startup_stm32f407xx.o(.text)
    TIM3_IRQHandler                          0x0800025b   Thumb Code     0  startup_stm32f407xx.o(.text)
    TIM4_IRQHandler                          0x0800025b   Thumb Code     0  startup_stm32f407xx.o(.text)
    TIM5_IRQHandler                          0x0800025b   Thumb Code     0  startup_stm32f407xx.o(.text)
    TIM6_DAC_IRQHandler                      0x0800025b   Thumb Code     0  startup_stm32f407xx.o(.text)
    TIM7_IRQHandler                          0x0800025b   Thumb Code     0  startup_stm32f407xx.o(.text)
    TIM8_BRK_TIM12_IRQHandler                0x0800025b   Thumb Code     0  startup_stm32f407xx.o(.text)
    TIM8_CC_IRQHandler                       0x0800025b   Thumb Code     0  startup_stm32f407xx.o(.text)
    TIM8_TRG_COM_TIM14_IRQHandler            0x0800025b   Thumb Code     0  startup_stm32f407xx.o(.text)
    TIM8_UP_TIM13_IRQHandler                 0x0800025b   Thumb Code     0  startup_stm32f407xx.o(.text)
    UART4_IRQHandler                         0x0800025b   Thumb Code     0  startup_stm32f407xx.o(.text)
    UART5_IRQHandler                         0x0800025b   Thumb Code     0  startup_stm32f407xx.o(.text)
    USART1_IRQHandler                        0x0800025b   Thumb Code     0  startup_stm32f407xx.o(.text)
    USART3_IRQHandler                        0x0800025b   Thumb Code     0  startup_stm32f407xx.o(.text)
    USART6_IRQHandler                        0x0800025b   Thumb Code     0  startup_stm32f407xx.o(.text)
    WWDG_IRQHandler                          0x0800025b   Thumb Code     0  startup_stm32f407xx.o(.text)
    __user_initial_stackheap                 0x0800025d   Thumb Code     0  startup_stm32f407xx.o(.text)
    __2sprintf                               0x08000281   Thumb Code    34  noretval__2sprintf.o(.text)
    __printf                                 0x080002a9   Thumb Code   308  __printf_flags_wp.o(.text)
    __use_two_region_memory                  0x080003e1   Thumb Code     2  heapauxi.o(.text)
    __rt_heap_escrow$2region                 0x080003e3   Thumb Code     2  heapauxi.o(.text)
    __rt_heap_expand$2region                 0x080003e5   Thumb Code     2  heapauxi.o(.text)
    __lib_sel_fp_printf                      0x080003e7   Thumb Code     2  _printf_fp_dec.o(.text)
    _printf_fp_dec_real                      0x08000599   Thumb Code   620  _printf_fp_dec.o(.text)
    _printf_char_common                      0x0800080f   Thumb Code    32  _printf_char_common.o(.text)
    _sputc                                   0x08000835   Thumb Code    10  _sputc.o(.text)
    __rt_locale                              0x08000841   Thumb Code     8  rt_locale_intlibspace.o(.text)
    _ll_udiv10                               0x08000849   Thumb Code   138  lludiv10.o(.text)
    _printf_fp_infnan                        0x080008d5   Thumb Code   112  _printf_fp_infnan.o(.text)
    _btod_etento                             0x08000955   Thumb Code   224  bigflt0.o(.text)
    __user_libspace                          0x08000a39   Thumb Code     8  libspace.o(.text)
    __user_perproc_libspace                  0x08000a39   Thumb Code     0  libspace.o(.text)
    __user_perthread_libspace                0x08000a39   Thumb Code     0  libspace.o(.text)
    __user_setup_stackheap                   0x08000a41   Thumb Code    74  sys_stackheap_outer.o(.text)
    exit                                     0x08000a8b   Thumb Code    18  exit.o(.text)
    strcmp                                   0x08000a9d   Thumb Code   128  strcmpv7m.o(.text)
    _sys_exit                                0x08000b1d   Thumb Code     8  sys_exit.o(.text)
    __I$use$semihosting                      0x08000b29   Thumb Code     0  use_no_semi.o(.text)
    __use_no_semihosting_swi                 0x08000b29   Thumb Code     2  use_no_semi.o(.text)
    __semihosting_library_function           0x08000b2b   Thumb Code     0  indicate_semi.o(.text)
    _btod_d2e                                0x08000b2b   Thumb Code    62  btod.o(CL$$btod_d2e)
    _d2e_denorm_low                          0x08000b69   Thumb Code    70  btod.o(CL$$btod_d2e_denorm_low)
    _d2e_norm_op1                            0x08000baf   Thumb Code    96  btod.o(CL$$btod_d2e_norm_op1)
    __btod_div_common                        0x08000c0f   Thumb Code   696  btod.o(CL$$btod_div_common)
    _e2e                                     0x08000f47   Thumb Code   220  btod.o(CL$$btod_e2e)
    _btod_ediv                               0x08001023   Thumb Code    42  btod.o(CL$$btod_ediv)
    _btod_emul                               0x0800104d   Thumb Code    42  btod.o(CL$$btod_emul)
    __btod_mult_common                       0x08001077   Thumb Code   580  btod.o(CL$$btod_mult_common)
    CheckCRC                                 0x080012bd   Thumb Code    44  htu21d.o(i.CheckCRC)
    Delay_Init                               0x080012ed   Thumb Code    16  delay.o(i.Delay_Init)
    Delay_ms                                 0x08001301   Thumb Code    18  delay.o(i.Delay_ms)
    GPIO_Init                                0x08001319   Thumb Code   190  start_init.o(i.GPIO_Init)
    I2C1_Init                                0x080013e5   Thumb Code   204  i2c.o(i.I2C1_Init)
    RCC_Init                                 0x080014bd   Thumb Code   206  start_init.o(i.RCC_Init)
    Read_data_i2c                            0x0800159d   Thumb Code    38  i2c.o(i.Read_data_i2c)
    Read_last_data_i2c                       0x080015c9   Thumb Code    58  i2c.o(i.Read_last_data_i2c)
    Start_i2c                                0x08001609   Thumb Code    36  i2c.o(i.Start_i2c)
    Stop_i2c                                 0x08001631   Thumb Code    14  i2c.o(i.Stop_i2c)
    SysTick_Handler                          0x08001645   Thumb Code    12  delay.o(i.SysTick_Handler)
    SystemInit                               0x08001655   Thumb Code    82  system_stm32f4xx.o(i.SystemInit)
    USART2_IRQHandler                        0x080016b9   Thumb Code    80  usart.o(i.USART2_IRQHandler)
    USART2_Init                              0x08001721   Thumb Code   196  usart.o(i.USART2_Init)
    USART2_Send                              0x080017f1   Thumb Code    22  usart.o(i.USART2_Send)
    USART2_Send_String                       0x0800180d   Thumb Code    28  usart.o(i.USART2_Send_String)
    Write_addr_i2c                           0x08001829   Thumb Code    64  i2c.o(i.Write_addr_i2c)
    Write_last_data_i2c                      0x0800186d   Thumb Code    32  i2c.o(i.Write_last_data_i2c)
    __ARM_fpclassify                         0x08001891   Thumb Code    48  fpclassify.o(i.__ARM_fpclassify)
    _is_digit                                0x080018c1   Thumb Code    14  __printf_wp.o(i._is_digit)
    ht21d_GetHumidity                        0x080018d1   Thumb Code    78  htu21d.o(i.ht21d_GetHumidity)
    ht21d_GetTemp                            0x0800192d   Thumb Code    78  htu21d.o(i.ht21d_GetTemp)
    htu21d_ReadValue                         0x0800198d   Thumb Code    88  htu21d.o(i.htu21d_ReadValue)
    htu21d_SoftReset                         0x080019e5   Thumb Code    26  htu21d.o(i.htu21d_SoftReset)
    main                                     0x08001a01   Thumb Code   130  main.o(i.main)
    _get_lc_numeric                          0x08001aad   Thumb Code    44  lc_numeric_c.o(locale$$code)
    __aeabi_d2f                              0x08001ad9   Thumb Code     0  d2f.o(x$fpl$d2f)
    _d2f                                     0x08001ad9   Thumb Code    98  d2f.o(x$fpl$d2f)
    __aeabi_ui2d                             0x08001b3b   Thumb Code     0  dflt_clz.o(x$fpl$dfltu)
    _dfltu                                   0x08001b3b   Thumb Code    38  dflt_clz.o(x$fpl$dfltu)
    __aeabi_dmul                             0x08001b61   Thumb Code     0  dmul.o(x$fpl$dmul)
    _dmul                                    0x08001b61   Thumb Code   332  dmul.o(x$fpl$dmul)
    __fpl_dnaninf                            0x08001cb5   Thumb Code   156  dnaninf.o(x$fpl$dnaninf)
    __fpl_dretinf                            0x08001d51   Thumb Code    12  dretinf.o(x$fpl$dretinf)
    __aeabi_f2d                              0x08001d5d   Thumb Code     0  f2d.o(x$fpl$f2d)
    _f2d                                     0x08001d5d   Thumb Code    86  f2d.o(x$fpl$f2d)
    __fpl_fnaninf                            0x08001db3   Thumb Code   140  fnaninf.o(x$fpl$fnaninf)
    _fp_init                                 0x08001e3f   Thumb Code    10  fpinit.o(x$fpl$fpinit)
    __fplib_config_fpu_vfp                   0x08001e47   Thumb Code     0  fpinit.o(x$fpl$fpinit)
    __fplib_config_pureend_doubles           0x08001e47   Thumb Code     0  fpinit.o(x$fpl$fpinit)
    __fpl_fretinf                            0x08001e49   Thumb Code    10  fretinf.o(x$fpl$fretinf)
    _printf_fp_dec                           0x08001e53   Thumb Code     4  printf1.o(x$fpl$printf1)
    __I$use$fp                               0x08001e56   Number         0  usenofp.o(x$fpl$usenofp)
    Region$$Table$$Base                      0x08001efc   Number         0  anon$$obj.o(Region$$Table)
    Region$$Table$$Limit                     0x08001f1c   Number         0  anon$$obj.o(Region$$Table)
    T                                        0x20000000   Data           4  main.o(.data)
    H                                        0x20000004   Data           4  main.o(.data)
    msTicks                                  0x20000008   Data           4  delay.o(.data)
    str                                      0x2000000c   Data          40  main.o(.bss)
    __libspace_start                         0x20000034   Data          96  libspace.o(.bss)
    __temporary_stack_top$libspace           0x20000094   Data           0  libspace.o(.bss)



==============================================================================

Memory Map of the image

  Image Entry point : 0x08000189

  Load Region LR_IROM1 (Base: 0x08000000, Size: 0x00001f44, Max: 0x00100000, ABSOLUTE)

    Execution Region ER_IROM1 (Exec base: 0x08000000, Load base: 0x08000000, Size: 0x00001f38, Max: 0x00100000, ABSOLUTE)

    Exec Addr    Load Addr    Size         Type   Attr      Idx    E Section Name        Object

    0x08000000   0x08000000   0x00000188   Data   RO          619    RESET               startup_stm32f407xx.o
    0x08000188   0x08000188   0x00000008   Code   RO          661  * !!!main             c_w.l(__main.o)
    0x08000190   0x08000190   0x00000034   Code   RO          895    !!!scatter          c_w.l(__scatter.o)
    0x080001c4   0x080001c4   0x0000001a   Code   RO          897    !!handler_copy      c_w.l(__scatter_copy.o)
    0x080001de   0x080001de   0x00000002   PAD
    0x080001e0   0x080001e0   0x0000001c   Code   RO          899    !!handler_zi        c_w.l(__scatter_zi.o)
    0x080001fc   0x080001fc   0x00000000   Code   RO          658    .ARM.Collect$$_printf_percent$$00000000  c_w.l(_printf_percent.o)
    0x080001fc   0x080001fc   0x00000006   Code   RO          657    .ARM.Collect$$_printf_percent$$00000003  c_w.l(_printf_f.o)
    0x08000202   0x08000202   0x00000004   Code   RO          686    .ARM.Collect$$_printf_percent$$00000017  c_w.l(_printf_percent_end.o)
    0x08000206   0x08000206   0x00000002   Code   RO          768    .ARM.Collect$$libinit$$00000000  c_w.l(libinit.o)
    0x08000208   0x08000208   0x00000004   Code   RO          769    .ARM.Collect$$libinit$$00000001  c_w.l(libinit2.o)
    0x0800020c   0x0800020c   0x00000000   Code   RO          772    .ARM.Collect$$libinit$$00000004  c_w.l(libinit2.o)
    0x0800020c   0x0800020c   0x00000000   Code   RO          775    .ARM.Collect$$libinit$$0000000A  c_w.l(libinit2.o)
    0x0800020c   0x0800020c   0x00000000   Code   RO          777    .ARM.Collect$$libinit$$0000000C  c_w.l(libinit2.o)
    0x0800020c   0x0800020c   0x00000000   Code   RO          779    .ARM.Collect$$libinit$$0000000E  c_w.l(libinit2.o)
    0x0800020c   0x0800020c   0x00000006   Code   RO          780    .ARM.Collect$$libinit$$0000000F  c_w.l(libinit2.o)
    0x08000212   0x08000212   0x00000000   Code   RO          782    .ARM.Collect$$libinit$$00000011  c_w.l(libinit2.o)
    0x08000212   0x08000212   0x00000000   Code   RO          784    .ARM.Collect$$libinit$$00000013  c_w.l(libinit2.o)
    0x08000212   0x08000212   0x00000000   Code   RO          786    .ARM.Collect$$libinit$$00000015  c_w.l(libinit2.o)
    0x08000212   0x08000212   0x0000000a   Code   RO          787    .ARM.Collect$$libinit$$00000016  c_w.l(libinit2.o)
    0x0800021c   0x0800021c   0x00000000   Code   RO          788    .ARM.Collect$$libinit$$00000017  c_w.l(libinit2.o)
    0x0800021c   0x0800021c   0x00000000   Code   RO          790    .ARM.Collect$$libinit$$00000019  c_w.l(libinit2.o)
    0x0800021c   0x0800021c   0x00000000   Code   RO          792    .ARM.Collect$$libinit$$0000001B  c_w.l(libinit2.o)
    0x0800021c   0x0800021c   0x00000000   Code   RO          794    .ARM.Collect$$libinit$$0000001D  c_w.l(libinit2.o)
    0x0800021c   0x0800021c   0x00000000   Code   RO          796    .ARM.Collect$$libinit$$0000001F  c_w.l(libinit2.o)
    0x0800021c   0x0800021c   0x00000000   Code   RO          798    .ARM.Collect$$libinit$$00000021  c_w.l(libinit2.o)
    0x0800021c   0x0800021c   0x00000000   Code   RO          800    .ARM.Collect$$libinit$$00000023  c_w.l(libinit2.o)
    0x0800021c   0x0800021c   0x00000000   Code   RO          802    .ARM.Collect$$libinit$$00000025  c_w.l(libinit2.o)
    0x0800021c   0x0800021c   0x00000000   Code   RO          806    .ARM.Collect$$libinit$$0000002C  c_w.l(libinit2.o)
    0x0800021c   0x0800021c   0x00000000   Code   RO          808    .ARM.Collect$$libinit$$0000002E  c_w.l(libinit2.o)
    0x0800021c   0x0800021c   0x00000000   Code   RO          810    .ARM.Collect$$libinit$$00000030  c_w.l(libinit2.o)
    0x0800021c   0x0800021c   0x00000000   Code   RO          812    .ARM.Collect$$libinit$$00000032  c_w.l(libinit2.o)
    0x0800021c   0x0800021c   0x00000002   Code   RO          813    .ARM.Collect$$libinit$$00000033  c_w.l(libinit2.o)
    0x0800021e   0x0800021e   0x00000002   Code   RO          843    .ARM.Collect$$libshutdown$$00000000  c_w.l(libshutdown.o)
    0x08000220   0x08000220   0x00000000   Code   RO          854    .ARM.Collect$$libshutdown$$00000002  c_w.l(libshutdown2.o)
    0x08000220   0x08000220   0x00000000   Code   RO          856    .ARM.Collect$$libshutdown$$00000004  c_w.l(libshutdown2.o)
    0x08000220   0x08000220   0x00000000   Code   RO          859    .ARM.Collect$$libshutdown$$00000007  c_w.l(libshutdown2.o)
    0x08000220   0x08000220   0x00000000   Code   RO          862    .ARM.Collect$$libshutdown$$0000000A  c_w.l(libshutdown2.o)
    0x08000220   0x08000220   0x00000000   Code   RO          864    .ARM.Collect$$libshutdown$$0000000C  c_w.l(libshutdown2.o)
    0x08000220   0x08000220   0x00000000   Code   RO          867    .ARM.Collect$$libshutdown$$0000000F  c_w.l(libshutdown2.o)
    0x08000220   0x08000220   0x00000002   Code   RO          868    .ARM.Collect$$libshutdown$$00000010  c_w.l(libshutdown2.o)
    0x08000222   0x08000222   0x00000000   Code   RO          677    .ARM.Collect$$rtentry$$00000000  c_w.l(__rtentry.o)
    0x08000222   0x08000222   0x00000000   Code   RO          697    .ARM.Collect$$rtentry$$00000002  c_w.l(__rtentry2.o)
    0x08000222   0x08000222   0x00000006   Code   RO          709    .ARM.Collect$$rtentry$$00000004  c_w.l(__rtentry4.o)
    0x08000228   0x08000228   0x00000000   Code   RO          699    .ARM.Collect$$rtentry$$00000009  c_w.l(__rtentry2.o)
    0x08000228   0x08000228   0x00000004   Code   RO          700    .ARM.Collect$$rtentry$$0000000A  c_w.l(__rtentry2.o)
    0x0800022c   0x0800022c   0x00000000   Code   RO          702    .ARM.Collect$$rtentry$$0000000C  c_w.l(__rtentry2.o)
    0x0800022c   0x0800022c   0x00000008   Code   RO          703    .ARM.Collect$$rtentry$$0000000D  c_w.l(__rtentry2.o)
    0x08000234   0x08000234   0x00000002   Code   RO          814    .ARM.Collect$$rtexit$$00000000  c_w.l(rtexit.o)
    0x08000236   0x08000236   0x00000000   Code   RO          821    .ARM.Collect$$rtexit$$00000002  c_w.l(rtexit2.o)
    0x08000236   0x08000236   0x00000004   Code   RO          822    .ARM.Collect$$rtexit$$00000003  c_w.l(rtexit2.o)
    0x0800023a   0x0800023a   0x00000006   Code   RO          823    .ARM.Collect$$rtexit$$00000004  c_w.l(rtexit2.o)
    0x08000240   0x08000240   0x00000040   Code   RO          620    .text               startup_stm32f407xx.o
    0x08000280   0x08000280   0x00000028   Code   RO          628    .text               c_w.l(noretval__2sprintf.o)
    0x080002a8   0x080002a8   0x00000138   Code   RO          648    .text               c_w.l(__printf_flags_wp.o)
    0x080003e0   0x080003e0   0x00000006   Code   RO          659    .text               c_w.l(heapauxi.o)
    0x080003e6   0x080003e6   0x0000041e   Code   RO          680    .text               c_w.l(_printf_fp_dec.o)
    0x08000804   0x08000804   0x00000030   Code   RO          682    .text               c_w.l(_printf_char_common.o)
    0x08000834   0x08000834   0x0000000a   Code   RO          684    .text               c_w.l(_sputc.o)
    0x0800083e   0x0800083e   0x00000002   PAD
    0x08000840   0x08000840   0x00000008   Code   RO          714    .text               c_w.l(rt_locale_intlibspace.o)
    0x08000848   0x08000848   0x0000008a   Code   RO          716    .text               c_w.l(lludiv10.o)
    0x080008d2   0x080008d2   0x00000002   PAD
    0x080008d4   0x080008d4   0x00000080   Code   RO          718    .text               c_w.l(_printf_fp_infnan.o)
    0x08000954   0x08000954   0x000000e4   Code   RO          722    .text               c_w.l(bigflt0.o)
    0x08000a38   0x08000a38   0x00000008   Code   RO          754    .text               c_w.l(libspace.o)
    0x08000a40   0x08000a40   0x0000004a   Code   RO          757    .text               c_w.l(sys_stackheap_outer.o)
    0x08000a8a   0x08000a8a   0x00000012   Code   RO          759    .text               c_w.l(exit.o)
    0x08000a9c   0x08000a9c   0x00000080   Code   RO          761    .text               c_w.l(strcmpv7m.o)
    0x08000b1c   0x08000b1c   0x0000000c   Code   RO          833    .text               c_w.l(sys_exit.o)
    0x08000b28   0x08000b28   0x00000002   Code   RO          844    .text               c_w.l(use_no_semi.o)
    0x08000b2a   0x08000b2a   0x00000000   Code   RO          846    .text               c_w.l(indicate_semi.o)
    0x08000b2a   0x08000b2a   0x0000003e   Code   RO          725    CL$$btod_d2e        c_w.l(btod.o)
    0x08000b68   0x08000b68   0x00000046   Code   RO          727    CL$$btod_d2e_denorm_low  c_w.l(btod.o)
    0x08000bae   0x08000bae   0x00000060   Code   RO          726    CL$$btod_d2e_norm_op1  c_w.l(btod.o)
    0x08000c0e   0x08000c0e   0x00000338   Code   RO          735    CL$$btod_div_common  c_w.l(btod.o)
    0x08000f46   0x08000f46   0x000000dc   Code   RO          732    CL$$btod_e2e        c_w.l(btod.o)
    0x08001022   0x08001022   0x0000002a   Code   RO          729    CL$$btod_ediv       c_w.l(btod.o)
    0x0800104c   0x0800104c   0x0000002a   Code   RO          728    CL$$btod_emul       c_w.l(btod.o)
    0x08001076   0x08001076   0x00000244   Code   RO          734    CL$$btod_mult_common  c_w.l(btod.o)
    0x080012ba   0x080012ba   0x00000002   PAD
    0x080012bc   0x080012bc   0x00000030   Code   RO          572    i.CheckCRC          htu21d.o
    0x080012ec   0x080012ec   0x00000014   Code   RO          184    i.Delay_Init        delay.o
    0x08001300   0x08001300   0x00000018   Code   RO          185    i.Delay_ms          delay.o
    0x08001318   0x08001318   0x000000cc   Code   RO          142    i.GPIO_Init         start_init.o
    0x080013e4   0x080013e4   0x000000d8   Code   RO          232    i.I2C1_Init         i2c.o
    0x080014bc   0x080014bc   0x000000e0   Code   RO          145    i.RCC_Init          start_init.o
    0x0800159c   0x0800159c   0x0000002c   Code   RO          233    i.Read_data_i2c     i2c.o
    0x080015c8   0x080015c8   0x00000040   Code   RO          234    i.Read_last_data_i2c  i2c.o
    0x08001608   0x08001608   0x00000028   Code   RO          235    i.Start_i2c         i2c.o
    0x08001630   0x08001630   0x00000014   Code   RO          236    i.Stop_i2c          i2c.o
    0x08001644   0x08001644   0x00000010   Code   RO          187    i.SysTick_Handler   delay.o
    0x08001654   0x08001654   0x00000064   Code   RO            5    i.SystemInit        system_stm32f4xx.o
    0x080016b8   0x080016b8   0x00000068   Code   RO          346    i.USART2_IRQHandler  usart.o
    0x08001720   0x08001720   0x000000d0   Code   RO          347    i.USART2_Init       usart.o
    0x080017f0   0x080017f0   0x0000001c   Code   RO          349    i.USART2_Send       usart.o
    0x0800180c   0x0800180c   0x0000001c   Code   RO          350    i.USART2_Send_String  usart.o
    0x08001828   0x08001828   0x00000044   Code   RO          237    i.Write_addr_i2c    i2c.o
    0x0800186c   0x0800186c   0x00000024   Code   RO          239    i.Write_last_data_i2c  i2c.o
    0x08001890   0x08001890   0x00000030   Code   RO          752    i.__ARM_fpclassify  m_wm.l(fpclassify.o)
    0x080018c0   0x080018c0   0x0000000e   Code   RO          646    i._is_digit         c_w.l(__printf_wp.o)
    0x080018ce   0x080018ce   0x00000002   PAD
    0x080018d0   0x080018d0   0x0000005c   Code   RO          573    i.ht21d_GetHumidity  htu21d.o
    0x0800192c   0x0800192c   0x00000060   Code   RO          574    i.ht21d_GetTemp     htu21d.o
    0x0800198c   0x0800198c   0x00000058   Code   RO          575    i.htu21d_ReadValue  htu21d.o
    0x080019e4   0x080019e4   0x0000001a   Code   RO          576    i.htu21d_SoftReset  htu21d.o
    0x080019fe   0x080019fe   0x00000002   PAD
    0x08001a00   0x08001a00   0x000000ac   Code   RO           69    i.main              main.o
    0x08001aac   0x08001aac   0x0000002c   Code   RO          748    locale$$code        c_w.l(lc_numeric_c.o)
    0x08001ad8   0x08001ad8   0x00000062   Code   RO          663    x$fpl$d2f           fz_wm.l(d2f.o)
    0x08001b3a   0x08001b3a   0x00000026   Code   RO          665    x$fpl$dfltu         fz_wm.l(dflt_clz.o)
    0x08001b60   0x08001b60   0x00000154   Code   RO          671    x$fpl$dmul          fz_wm.l(dmul.o)
    0x08001cb4   0x08001cb4   0x0000009c   Code   RO          687    x$fpl$dnaninf       fz_wm.l(dnaninf.o)
    0x08001d50   0x08001d50   0x0000000c   Code   RO          689    x$fpl$dretinf       fz_wm.l(dretinf.o)
    0x08001d5c   0x08001d5c   0x00000056   Code   RO          673    x$fpl$f2d           fz_wm.l(f2d.o)
    0x08001db2   0x08001db2   0x0000008c   Code   RO          691    x$fpl$fnaninf       fz_wm.l(fnaninf.o)
    0x08001e3e   0x08001e3e   0x0000000a   Code   RO          818    x$fpl$fpinit        fz_wm.l(fpinit.o)
    0x08001e48   0x08001e48   0x0000000a   Code   RO          693    x$fpl$fretinf       fz_wm.l(fretinf.o)
    0x08001e52   0x08001e52   0x00000004   Code   RO          675    x$fpl$printf1       fz_wm.l(printf1.o)
    0x08001e56   0x08001e56   0x00000000   Code   RO          695    x$fpl$usenofp       fz_wm.l(usenofp.o)
    0x08001e56   0x08001e56   0x00000011   Data   RO          649    .constdata          c_w.l(__printf_flags_wp.o)
    0x08001e67   0x08001e67   0x00000001   PAD
    0x08001e68   0x08001e68   0x00000094   Data   RO          723    .constdata          c_w.l(bigflt0.o)
    0x08001efc   0x08001efc   0x00000020   Data   RO          893    Region$$Table       anon$$obj.o
    0x08001f1c   0x08001f1c   0x0000001c   Data   RO          747    locale$$data        c_w.l(lc_numeric_c.o)


    Execution Region RW_IRAM1 (Exec base: 0x20000000, Load base: 0x08001f38, Size: 0x00000698, Max: 0x00020000, ABSOLUTE)

    Exec Addr    Load Addr    Size         Type   Attr      Idx    E Section Name        Object

    0x20000000   0x08001f38   0x00000008   Data   RW           71    .data               main.o
    0x20000008   0x08001f40   0x00000004   Data   RW          188    .data               delay.o
    0x2000000c        -       0x00000028   Zero   RW           70    .bss                main.o
    0x20000034        -       0x00000060   Zero   RW          755    .bss                c_w.l(libspace.o)
    0x20000094   0x08001f44   0x00000004   PAD
    0x20000098        -       0x00000200   Zero   RW          618    HEAP                startup_stm32f407xx.o
    0x20000298        -       0x00000400   Zero   RW          617    STACK               startup_stm32f407xx.o


==============================================================================

Image component sizes


      Code (inc. data)   RO Data    RW Data    ZI Data      Debug   Object Name

        60         14          0          4          0       1820   delay.o
       350         36          0          0          0       3181   htu21d.o
       488         42          0          0          0       3419   i2c.o
       172         42          0          8         40       1057   main.o
       428         32          0          0          0       1019   start_init.o
        64         26        392          0       1536        824   startup_stm32f407xx.o
       100         18          0          0          0     556709   system_stm32f4xx.o
       368         42          0          0          0      28708   usart.o

    ----------------------------------------------------------------------
      2032        252        424         12       1576     596737   Object Totals
         0          0         32          0          0          0   (incl. Generated)
         2          0          0          0          0          0   (incl. Padding)

    ----------------------------------------------------------------------

      Code (inc. data)   RO Data    RW Data    ZI Data      Debug   Library Member Name

         8          0          0          0          0         68   __main.o
       312          4         17          0          0         92   __printf_flags_wp.o
        14          0          0          0          0         68   __printf_wp.o
         0          0          0          0          0          0   __rtentry.o
        12          0          0          0          0          0   __rtentry2.o
         6          0          0          0          0          0   __rtentry4.o
        52          8          0          0          0          0   __scatter.o
        26          0          0          0          0          0   __scatter_copy.o
        28          0          0          0          0          0   __scatter_zi.o
        48          6          0          0          0         96   _printf_char_common.o
         6          0          0          0          0          0   _printf_f.o
      1054          0          0          0          0        216   _printf_fp_dec.o
       128         16          0          0          0         84   _printf_fp_infnan.o
         0          0          0          0          0          0   _printf_percent.o
         4          0          0          0          0          0   _printf_percent_end.o
        10          0          0          0          0         68   _sputc.o
       228          4        148          0          0         96   bigflt0.o
      1936        128          0          0          0        672   btod.o
        18          0          0          0          0         80   exit.o
         6          0          0          0          0        152   heapauxi.o
         0          0          0          0          0          0   indicate_semi.o
        44         10         28          0          0         76   lc_numeric_c.o
         2          0          0          0          0          0   libinit.o
        22          0          0          0          0          0   libinit2.o
         2          0          0          0          0          0   libshutdown.o
         2          0          0          0          0          0   libshutdown2.o
         8          4          0          0         96         68   libspace.o
       138          0          0          0          0         80   lludiv10.o
        40          6          0          0          0         84   noretval__2sprintf.o
         8          4          0          0          0         68   rt_locale_intlibspace.o
         2          0          0          0          0          0   rtexit.o
        10          0          0          0          0          0   rtexit2.o
       128          0          0          0          0         68   strcmpv7m.o
        12          4          0          0          0         68   sys_exit.o
        74          0          0          0          0         80   sys_stackheap_outer.o
         2          0          0          0          0         68   use_no_semi.o
        98          4          0          0          0        140   d2f.o
        38          0          0          0          0        116   dflt_clz.o
       340         12          0          0          0        152   dmul.o
       156          4          0          0          0        140   dnaninf.o
        12          0          0          0          0        116   dretinf.o
        86          4          0          0          0        132   f2d.o
       140          4          0          0          0        132   fnaninf.o
        10          0          0          0          0        116   fpinit.o
        10          0          0          0          0        116   fretinf.o
         4          0          0          0          0        116   printf1.o
         0          0          0          0          0          0   usenofp.o
        48          0          0          0          0        124   fpclassify.o

    ----------------------------------------------------------------------
      5342        222        194          0        100       3752   Library Totals
        10          0          1          0          4          0   (incl. Padding)

    ----------------------------------------------------------------------

      Code (inc. data)   RO Data    RW Data    ZI Data      Debug   Library Name

      4390        194        193          0         96       2352   c_w.l
       894         28          0          0          0       1276   fz_wm.l
        48          0          0          0          0        124   m_wm.l

    ----------------------------------------------------------------------
      5342        222        194          0        100       3752   Library Totals

    ----------------------------------------------------------------------

==============================================================================


      Code (inc. data)   RO Data    RW Data    ZI Data      Debug   

      7374        474        618         12       1676     596341   Grand Totals
      7374        474        618         12       1676     596341   ELF Image Totals
      7374        474        618         12          0          0   ROM Totals

==============================================================================

    Total RO  Size (Code + RO Data)                 7992 (   7.80kB)
    Total RW  Size (RW Data + ZI Data)              1688 (   1.65kB)
    Total ROM Size (Code + RO Data + RW Data)       8004 (   7.82kB)

==============================================================================

